Archive member included to satisfy reference by file (symbol)

/home/renderer/OMAR_PROGRAMMING/ThorDrive/ThorDrive_FW/app/Proto_V0/build/scons-release/modm/libmodm.a(assert.o)
                              (--whole-archive)
/home/renderer/OMAR_PROGRAMMING/ThorDrive/ThorDrive_FW/app/Proto_V0/build/scons-release/modm/libmodm.a(atomic.o)
                              (--whole-archive)
/home/renderer/OMAR_PROGRAMMING/ThorDrive/ThorDrive_FW/app/Proto_V0/build/scons-release/modm/libmodm.a(cxxabi.o)
                              (--whole-archive)
/home/renderer/OMAR_PROGRAMMING/ThorDrive/ThorDrive_FW/app/Proto_V0/build/scons-release/modm/libmodm.a(functexcept.o)
                              (--whole-archive)
/home/renderer/OMAR_PROGRAMMING/ThorDrive/ThorDrive_FW/app/Proto_V0/build/scons-release/modm/libmodm.a(hash_bytes.o)
                              (--whole-archive)
/home/renderer/OMAR_PROGRAMMING/ThorDrive/ThorDrive_FW/app/Proto_V0/build/scons-release/modm/libmodm.a(hashtable_c++0x.o)
                              (--whole-archive)
/home/renderer/OMAR_PROGRAMMING/ThorDrive/ThorDrive_FW/app/Proto_V0/build/scons-release/modm/libmodm.a(limits.o)
                              (--whole-archive)
/home/renderer/OMAR_PROGRAMMING/ThorDrive/ThorDrive_FW/app/Proto_V0/build/scons-release/modm/libmodm.a(list.o)
                              (--whole-archive)
/home/renderer/OMAR_PROGRAMMING/ThorDrive/ThorDrive_FW/app/Proto_V0/build/scons-release/modm/libmodm.a(math.o)
                              (--whole-archive)
/home/renderer/OMAR_PROGRAMMING/ThorDrive/ThorDrive_FW/app/Proto_V0/build/scons-release/modm/libmodm.a(new_handler.o)
                              (--whole-archive)
/home/renderer/OMAR_PROGRAMMING/ThorDrive/ThorDrive_FW/app/Proto_V0/build/scons-release/modm/libmodm.a(tree.o)
                              (--whole-archive)
/home/renderer/OMAR_PROGRAMMING/ThorDrive/ThorDrive_FW/app/Proto_V0/build/scons-release/modm/libmodm.a(new_delete.o)
                              (--whole-archive)
/home/renderer/OMAR_PROGRAMMING/ThorDrive/ThorDrive_FW/app/Proto_V0/build/scons-release/modm/libmodm.a(flag.o)
                              (--whole-archive)
/home/renderer/OMAR_PROGRAMMING/ThorDrive/ThorDrive_FW/app/Proto_V0/build/scons-release/modm/libmodm.a(iostream.o)
                              (--whole-archive)
/home/renderer/OMAR_PROGRAMMING/ThorDrive/ThorDrive_FW/app/Proto_V0/build/scons-release/modm/libmodm.a(iostream_printf.o)
                              (--whole-archive)
/home/renderer/OMAR_PROGRAMMING/ThorDrive/ThorDrive_FW/app/Proto_V0/build/scons-release/modm/libmodm.a(sqrt32.o)
                              (--whole-archive)
/home/renderer/OMAR_PROGRAMMING/ThorDrive/ThorDrive_FW/app/Proto_V0/build/scons-release/modm/libmodm.a(bit_operation.o)
                              (--whole-archive)
/home/renderer/OMAR_PROGRAMMING/ThorDrive/ThorDrive_FW/app/Proto_V0/build/scons-release/modm/libmodm.a(adc_interrupt.o)
                              (--whole-archive)
/home/renderer/OMAR_PROGRAMMING/ThorDrive/ThorDrive_FW/app/Proto_V0/build/scons-release/modm/libmodm.a(clock.o)
                              (--whole-archive)
/home/renderer/OMAR_PROGRAMMING/ThorDrive/ThorDrive_FW/app/Proto_V0/build/scons-release/modm/libmodm.a(assert.o)
                              (--whole-archive)
/home/renderer/OMAR_PROGRAMMING/ThorDrive/ThorDrive_FW/app/Proto_V0/build/scons-release/modm/libmodm.a(uart0_rx.o)
                              (--whole-archive)
/home/renderer/OMAR_PROGRAMMING/ThorDrive/ThorDrive_FW/app/Proto_V0/build/scons-release/modm/libmodm.a(uart0_tx.o)
                              (--whole-archive)
/opt/avr-gcc/avr/lib/gcc/avr/14.2.0/avr5/libgcc.a(f7_asm_D_fixunsdfsi.o)
                              /home/renderer/OMAR_PROGRAMMING/ThorDrive/ThorDrive_FW/app/Proto_V0/build/scons-release/modm/libmodm.a(hashtable_c++0x.o) (__fixunsdfsi)
/opt/avr-gcc/avr/lib/gcc/avr/14.2.0/avr5/libgcc.a(f7_asm_D_floatunsidf.o)
                              /home/renderer/OMAR_PROGRAMMING/ThorDrive/ThorDrive_FW/app/Proto_V0/build/scons-release/modm/libmodm.a(hashtable_c++0x.o) (__floatunsidf)
/opt/avr-gcc/avr/lib/gcc/avr/14.2.0/avr5/libgcc.a(f7_asm_D_floatsidf.o)
                              /home/renderer/OMAR_PROGRAMMING/ThorDrive/ThorDrive_FW/app/Proto_V0/build/scons-release/modm/libmodm.a(hashtable_c++0x.o) (__floatsidf)
/opt/avr-gcc/avr/lib/gcc/avr/14.2.0/avr5/libgcc.a(f7_asm_D_extendsfdf2.o)
                              /home/renderer/OMAR_PROGRAMMING/ThorDrive/ThorDrive_FW/app/Proto_V0/build/scons-release/modm/libmodm.a(hashtable_c++0x.o) (__extendsfdf2)
/opt/avr-gcc/avr/lib/gcc/avr/14.2.0/avr5/libgcc.a(f7_asm_D_add.o)
                              /home/renderer/OMAR_PROGRAMMING/ThorDrive/ThorDrive_FW/app/Proto_V0/build/scons-release/modm/libmodm.a(hashtable_c++0x.o) (__adddf3)
/opt/avr-gcc/avr/lib/gcc/avr/14.2.0/avr5/libgcc.a(f7_asm_D_mul.o)
[...]
Memory Configuration

Name             Origin             Length             Attributes
*default*        0x00000000         0xffffffff
text             0x00000000         0x00008000         xr
data             0x00800100         0x00000800         rw!x
eeprom           0x00810000         0x00000400         rw!x
fuse             0x00820000         0x00000003         rw!x
lock             0x00830000         0x00000400         rw!x
signature        0x00840000         0x00000400         rw!x
user_signatures  0x00850000         0x00000400         rw!x

Linker script and memory map

                [0x00000000]                      __TEXT_REGION_ORIGIN__ = DEFINED (__TEXT_REGION_ORIGIN__)?__TEXT_REGION_ORIGIN__:0x0
                [0x00008000]                      __TEXT_REGION_LENGTH__ = DEFINED (__TEXT_REGION_LENGTH__)?__TEXT_REGION_LENGTH__:0x20000
                [0x00800100]                      __DATA_REGION_ORIGIN__ = DEFINED (__DATA_REGION_ORIGIN__)?__DATA_REGION_ORIGIN__:0x800060
                [0x00000800]                      __DATA_REGION_LENGTH__ = DEFINED (__DATA_REGION_LENGTH__)?__DATA_REGION_LENGTH__:0xffa0
                [0x00000400]                      __EEPROM_REGION_LENGTH__ = DEFINED (__EEPROM_REGION_LENGTH__)?__EEPROM_REGION_LENGTH__:0x10000
                [0x00000003]                      __FUSE_REGION_LENGTH__ = DEFINED (__FUSE_REGION_LENGTH__)?__FUSE_REGION_LENGTH__:0x400
                0x00000400                        __LOCK_REGION_LENGTH__ = DEFINED (__LOCK_REGION_LENGTH__)?__LOCK_REGION_LENGTH__:0x400
                0x00000400                        __SIGNATURE_REGION_LENGTH__ = DEFINED (__SIGNATURE_REGION_LENGTH__)?__SIGNATURE_REGION_LENGTH__:0x400
                0x00000400                        __USER_SIGNATURE_REGION_LENGTH__ = DEFINED (__USER_SIGNATURE_REGION_LENGTH__)?__USER_SIGNATURE_REGION_LENGTH__:0x400

.hash
 *(.hash)

.dynsym
 *(.dynsym)

.dynstr
 *(.dynstr)

.gnu.version
 *(.gnu.version)

.gnu.version_d
 *(.gnu.version_d)

.gnu.version_r
 *(.gnu.version_r)

.rel.init
 *(.rel.init)

.rela.init
 *(.rela.init)

.rel.text
 *(.rel.text)
 *(.rel.text.*)
 *(.rel.gnu.linkonce.t*)

.rela.text
 *(.rela.text)
 *(.rela.text.*)
 *(.rela.gnu.linkonce.t*)

.rel.fini
 *(.rel.fini)

.rela.fini
 *(.rela.fini)

.rel.rodata
 *(.rel.rodata)
 *(.rel.rodata.*)
 *(.rel.gnu.linkonce.r*)

.rela.rodata
 *(.rela.rodata)
 *(.rela.rodata.*)
 *(.rela.gnu.linkonce.r*)

.rel.data
 *(.rel.data)
 *(.rel.data.*)
 *(.rel.gnu.linkonce.d*)

.rela.data
 *(.rela.data)
 *(.rela.data.*)
 *(.rela.gnu.linkonce.d*)

.rel.ctors
 *(.rel.ctors)

.rela.ctors
 *(.rela.ctors)

.rel.dtors
 *(.rel.dtors)

.rela.dtors
 *(.rela.dtors)

.rel.got
 *(.rel.got)

.rela.got
 *(.rela.got)

.rel.bss
 *(.rel.bss)

.rela.bss
 *(.rela.bss)

.rel.plt
 *(.rel.plt)

.rela.plt
 *(.rela.plt)

.text           0x00000000     0x1088
 *(.vectors)
 .vectors       0x00000000       0x68 /opt/avr-gcc/avr/lib/gcc/avr/14.2.0/../../../../../avr/lib/avr5/crtatmega328p.o
                0x00000000                __vectors
                0x00000000                __vector_default
 *(.vectors)
 *(.progmem.gcc*)
                0x00000068                        . = ALIGN (0x2)
                0x00000068                        __trampolines_start = .
 *(.trampolines)
 .trampolines   0x00000068        0x0 linker stubs
 *(.trampolines*)
                0x00000068                        __trampolines_end = .
 *libprintf_flt.a:*(.progmem.data)
 *libc.a:*(.progmem.data)
 *(.progmem.*)
                0x00000068                        . = ALIGN (0x2)
 *(.lowtext)
 *(.lowtext*)
                0x00000068                        __ctors_start = .
 *(.ctors)
 .ctors         0x00000068        0x2 /home/renderer/OMAR_PROGRAMMING/ThorDrive/ThorDrive_FW/app/Proto_V0/build/scons-release/main.o
 .ctors         0x0000006a        0x2 /home/renderer/OMAR_PROGRAMMING/ThorDrive/ThorDrive_FW/app/Proto_V0/build/scons-release/modm/libmodm.a(uart0_rx.o)
 .ctors         0x0000006c        0x2 /home/renderer/OMAR_PROGRAMMING/ThorDrive/ThorDrive_FW/app/Proto_V0/build/scons-release/modm/libmodm.a(uart0_tx.o)
                0x0000006e                        __ctors_end = .
                0x0000006e                        __dtors_start = .
 *(.dtors)
                0x0000006e                        __dtors_end = .
 SORT_BY_NAME(*)(.ctors)
 SORT_BY_NAME(*)(.dtors)
 *(.init0)
 .init0         0x0000006e        0x0 /opt/avr-gcc/avr/lib/gcc/avr/14.2.0/../../../../../avr/lib/avr5/crtatmega328p.o
                0x0000006e                __init
 *(.init0)
 *(.init1)
 *(.init1)
 *(.init2)
 .init2         0x0000006e        0xc /opt/avr-gcc/avr/lib/gcc/avr/14.2.0/../../../../../avr/lib/avr5/crtatmega328p.o
 *(.init2)
 *(.init3)
 *(.init3)
 *(.init4)
 .init4         0x0000007a       0x16 /opt/avr-gcc/avr/lib/gcc/avr/14.2.0/avr5/libgcc.a(_copy_data.o)
                0x0000007a                __do_copy_data
 .init4         0x00000090       0x10 /opt/avr-gcc/avr/lib/gcc/avr/14.2.0/avr5/libgcc.a(_clear_bss.o)
                0x00000090                __do_clear_bss
 *(.init4)
 *(.init5)
 *(.init5)
 *(.init6)
 .init6         0x000000a0       0x14 /opt/avr-gcc/avr/lib/gcc/avr/14.2.0/avr5/libgcc.a(_ctors.o)
                0x000000a0                __do_global_ctors
 *(.init6)
 *(.init7)
 *(.init7)
 *(.init8)
 *(.init8)
 *(.init9)
 .init9         0x000000b4        0x4 /opt/avr-gcc/avr/lib/gcc/avr/14.2.0/../../../../../avr/lib/avr5/crtatmega328p.o
 *(.init9)
 *(.text)
 .text          0x000000b8        0x2 /opt/avr-gcc/avr/lib/gcc/avr/14.2.0/../../../../../avr/lib/avr5/crtatmega328p.o
                0x000000b8                __vector_22
                0x000000b8                __vector_1
                0x000000b8                __vector_24
                0x000000b8                __vector_12
                0x000000b8                __bad_interrupt
                0x000000b8                __vector_6
                0x000000b8                __vector_23
                0x000000b8                __vector_25
                0x000000b8                __vector_11
                0x000000b8                __vector_13
                0x000000b8                __vector_17
                0x000000b8                __vector_7
                0x000000b8                __vector_9
                0x000000b8                __vector_2
                0x000000b8                __vector_15
                0x000000b8                __vector_8
                0x000000b8                __vector_10
                0x000000b8                __vector_16
                0x000000b8                __vector_20
                0x000000ba                        . = ALIGN (0x2)
 *(.text.*)
 .text._ZN4modm8IODevice5writeEPKc
                0x000000ba       0x30 /home/renderer/OMAR_PROGRAMMING/ThorDrive/ThorDrive_FW/app/Proto_V0/build/scons-release/main.o
                0x000000ba                modm::IODevice::write(char const*)
 .text._ZN4modm15IODeviceWrapperINS_8platform5Uart0ELNS_8IOBufferE1EED2Ev
                0x000000ea        0x2 /home/renderer/OMAR_PROGRAMMING/ThorDrive/ThorDrive_FW/app/Proto_V0/build/scons-release/main.o
                0x000000ea                modm::IODeviceWrapper<modm::platform::Uart0, (modm::IOBuffer)1>::~IODeviceWrapper()
                0x000000ea                modm::IODeviceWrapper<modm::platform::Uart0, (modm::IOBuffer)1>::~IODeviceWrapper()
 .text._ZN4modm15IODeviceWrapperINS_8platform5Uart0ELNS_8IOBufferE1EE4readERc
                0x000000ec        0x4 /home/renderer/OMAR_PROGRAMMING/ThorDrive/ThorDrive_FW/app/Proto_V0/build/scons-release/main.o
                0x000000ec                modm::IODeviceWrapper<modm::platform::Uart0, (modm::IOBuffer)1>::read(char&)
 .text._ZN4modm15IODeviceWrapperINS_8platform5Uart0ELNS_8IOBufferE1EE5flushEv
                0x000000f0        0x2 /home/renderer/OMAR_PROGRAMMING/ThorDrive/ThorDrive_FW/app/Proto_V0/build/scons-release/main.o
                0x000000f0                modm::IODeviceWrapper<modm::platform::Uart0, (modm::IOBuffer)1>::flush()
 .text._ZN4modm15IODeviceWrapperINS_8platform5Uart0ELNS_8IOBufferE1EE5writeEc
                0x000000f2       0x10 /home/renderer/OMAR_PROGRAMMING/ThorDrive/ThorDrive_FW/app/Proto_V0/build/scons-release/main.o
                0x000000f2                modm::IODeviceWrapper<modm::platform::Uart0, (modm::IOBuffer)1>::write(char)
 .text._ZN4modm15IODeviceWrapperINS_8platform5Uart0ELNS_8IOBufferE1EED0Ev
                0x00000102        0x6 /home/renderer/OMAR_PROGRAMMING/ThorDrive/ThorDrive_FW/app/Proto_V0/build/scons-release/main.o
                0x00000102                modm::IODeviceWrapper<modm::platform::Uart0, (modm::IOBuffer)1>::~IODeviceWrapper()
 .text._ZN4modm8IOStreamlsEPKc
                0x00000108       0x20 /home/renderer/OMAR_PROGRAMMING/ThorDrive/ThorDrive_FW/app/Proto_V0/build/scons-release/main.o
                0x00000108                modm::IOStream::operator<<(char const*)
 .text._ZN4modm8IOStream16writeIntegerModeIiEEvT_
                0x00000128       0x42 /home/renderer/OMAR_PROGRAMMING/ThorDrive/ThorDrive_FW/app/Proto_V0/build/scons-release/main.o
                0x00000128                void modm::IOStream::writeIntegerMode<int>(int)
 .text._ZN4modm5delayIxEEvNSt6chrono8durationIT_St5ratioILx1ELx1000EEEE
                0x0000016a       0x20 /home/renderer/OMAR_PROGRAMMING/ThorDrive/ThorDrive_FW/app/Proto_V0/build/scons-release/main.o
                0x0000016a                void modm::delay<long long>(std::chrono::duration<long long, std::ratio<1ll, 1000ll> >)
 .text.startup.main
                0x0000018a      0x11a /home/renderer/OMAR_PROGRAMMING/ThorDrive/ThorDrive_FW/app/Proto_V0/build/scons-release/main.o
                0x0000018a                main
 .text.startup._GLOBAL__sub_I_systemCtrl
                0x000002a4       0x36 /home/renderer/OMAR_PROGRAMMING/ThorDrive/ThorDrive_FW/app/Proto_V0/build/scons-release/main.o
 .text.__vector_3
                0x000002da       0x4a /home/renderer/OMAR_PROGRAMMING/ThorDrive/ThorDrive_FW/app/Proto_V0/build/scons-release/module/module_halBind.o
                0x000002da                __vector_3
 .text.__vector_4
                0x00000324       0x46 /home/renderer/OMAR_PROGRAMMING/ThorDrive/ThorDrive_FW/app/Proto_V0/build/scons-release/module/module_halBind.o
                0x00000324                __vector_4
 .text.__vector_5
                0x0000036a       0x46 /home/renderer/OMAR_PROGRAMMING/ThorDrive/ThorDrive_FW/app/Proto_V0/build/scons-release/module/module_halBind.o
                0x0000036a                __vector_5
 .text._ZN13pmsmTrapCom_t4initEv
                0x000003b0        0xa /home/renderer/OMAR_PROGRAMMING/ThorDrive/ThorDrive_FW/app/Proto_V0/build/scons-release/module/pmsmTrapCom.o
                0x000003b0                pmsmTrapCom_t::init()
 .text._ZN13pmsmTrapCom_t4stopEv
                0x000003ba       0x36 /home/renderer/OMAR_PROGRAMMING/ThorDrive/ThorDrive_FW/app/Proto_V0/build/scons-release/module/pmsmTrapCom.o
                0x000003ba                pmsmTrapCom_t::stop()
 .text._ZN13pmsmTrapCom_t13commutateHALLEv
                0x000003f0       0x5c /home/renderer/OMAR_PROGRAMMING/ThorDrive/ThorDrive_FW/app/Proto_V0/build/scons-release/module/pmsmTrapCom.o
                0x000003f0                pmsmTrapCom_t::commutateHALL()
 .text._ZN6TimPwmILi1EE4initEm
                0x0000044c      0x172 /home/renderer/OMAR_PROGRAMMING/ThorDrive/ThorDrive_FW/app/Proto_V0/build/scons-release/module/pmsmTrapCom_halBind.o
                0x0000044c                TimPwm<1>::init(unsigned long)
 .text._ZN6hall_t4readEv
                0x000005be       0x1a /home/renderer/OMAR_PROGRAMMING/ThorDrive/ThorDrive_FW/app/Proto_V0/build/scons-release/module/pmsmTrapCom_halBind.o
                0x000005be                hall_t::read()
 .text._ZN13pmsmTrapCom_t11periph_initEm
                0x000005d8       0x4e /home/renderer/OMAR_PROGRAMMING/ThorDrive/ThorDrive_FW/app/Proto_V0/build/scons-release/module/pmsmTrapCom_halBind.o
                0x000005d8                pmsmTrapCom_t::periph_init(unsigned long)
 .text._ZN13pmsmTrapCom_t11driverWriteEjjjbbb
                0x00000626       0x8e /home/renderer/OMAR_PROGRAMMING/ThorDrive/ThorDrive_FW/app/Proto_V0/build/scons-release/module/pmsmTrapCom_halBind.o
                0x00000626                pmsmTrapCom_t::driverWrite(unsigned int, unsigned int, unsigned int, bool, bool, bool)
 .text.operator_delete
                0x000006b4        0x2 /home/renderer/OMAR_PROGRAMMING/ThorDrive/ThorDrive_FW/app/Proto_V0/build/scons-release/modm/libmodm.a(new_delete.o)
                0x000006b4                operator_delete
 .text._ZdlPvj  0x000006b6        0x2 /home/renderer/OMAR_PROGRAMMING/ThorDrive/ThorDrive_FW/app/Proto_V0/build/scons-release/modm/libmodm.a(new_delete.o)
                0x000006b6                operator delete(void*, unsigned int)
 .text._ZZN4modm8IOStream8writeHexEhENKUlhE_clEh.isra.0
                0x000006b8       0x1e /home/renderer/OMAR_PROGRAMMING/ThorDrive/ThorDrive_FW/app/Proto_V0/build/scons-release/modm/libmodm.a(iostream.o)
 .text._ZN4modm8IOStream8writeHexEh
                0x000006d6       0x24 /home/renderer/OMAR_PROGRAMMING/ThorDrive/ThorDrive_FW/app/Proto_V0/build/scons-release/modm/libmodm.a(iostream.o)
                0x000006d6                modm::IOStream::writeHex(unsigned char)
 .text._ZN4modm8IOStream8writeBinEh
                0x000006fa       0x38 /home/renderer/OMAR_PROGRAMMING/ThorDrive/ThorDrive_FW/app/Proto_V0/build/scons-release/modm/libmodm.a(iostream.o)
                0x000006fa                modm::IOStream::writeBin(unsigned char)
 .text._ZN4modm8IOStream12writeIntegerEi
                0x00000732       0x56 /home/renderer/OMAR_PROGRAMMING/ThorDrive/ThorDrive_FW/app/Proto_V0/build/scons-release/modm/libmodm.a(iostream_printf.o)
                0x00000732                modm::IOStream::writeInteger(int)
 .text._ZN4modm8platform12AdcInterruptUlvE_4_FUNEv
                0x00000788        0x2 /home/renderer/OMAR_PROGRAMMING/ThorDrive/ThorDrive_FW/app/Proto_V0/build/scons-release/modm/libmodm.a(adc_interrupt.o)
 .text.__vector_21
                0x0000078a       0x4e /home/renderer/OMAR_PROGRAMMING/ThorDrive/ThorDrive_FW/app/Proto_V0/build/scons-release/modm/libmodm.a(adc_interrupt.o)
                0x0000078a                __vector_21
 .text.__vector_14
                0x000007d8       0x74 /home/renderer/OMAR_PROGRAMMING/ThorDrive/ThorDrive_FW/app/Proto_V0/build/scons-release/modm/libmodm.a(clock.o)
                0x000007d8                __vector_14
 .text.__vector_18
                0x0000084c       0x56 /home/renderer/OMAR_PROGRAMMING/ThorDrive/ThorDrive_FW/app/Proto_V0/build/scons-release/modm/libmodm.a(uart0_rx.o)
                0x0000084c                __vector_18
 .text._ZN4modm8platform5Uart010initializeEj
                0x000008a2       0x30 /home/renderer/OMAR_PROGRAMMING/ThorDrive/ThorDrive_FW/app/Proto_V0/build/scons-release/modm/libmodm.a(uart0_rx.o)
                0x000008a2                modm::platform::Uart0::initialize(unsigned int)
 .text._ZN4modm8platform5Uart04readERh
                0x000008d2       0x34 /home/renderer/OMAR_PROGRAMMING/ThorDrive/ThorDrive_FW/app/Proto_V0/build/scons-release/modm/libmodm.a(uart0_rx.o)
                0x000008d2                modm::platform::Uart0::read(unsigned char&)
 .text.startup._GLOBAL__sub_I___vector_18
                0x00000906        0xa /home/renderer/OMAR_PROGRAMMING/ThorDrive/ThorDrive_FW/app/Proto_V0/build/scons-release/modm/libmodm.a(uart0_rx.o)
 .text.__vector_19
                0x00000910       0x52 /home/renderer/OMAR_PROGRAMMING/ThorDrive/ThorDrive_FW/app/Proto_V0/build/scons-release/modm/libmodm.a(uart0_tx.o)
                0x00000910                __vector_19
 .text._ZN4modm8platform5Uart05writeEh
                0x00000962       0x3c /home/renderer/OMAR_PROGRAMMING/ThorDrive/ThorDrive_FW/app/Proto_V0/build/scons-release/modm/libmodm.a(uart0_tx.o)
                0x00000962                modm::platform::Uart0::write(unsigned char)
 .text._ZN4modm8platform5Uart015isWriteFinishedEv
                0x0000099e       0x1e /home/renderer/OMAR_PROGRAMMING/ThorDrive/ThorDrive_FW/app/Proto_V0/build/scons-release/modm/libmodm.a(uart0_tx.o)
                0x0000099e                modm::platform::Uart0::isWriteFinished()
 .text._ZN4modm8platform5Uart016flushWriteBufferEv
                0x000009bc        0x8 /home/renderer/OMAR_PROGRAMMING/ThorDrive/ThorDrive_FW/app/Proto_V0/build/scons-release/modm/libmodm.a(uart0_tx.o)
                0x000009bc                modm::platform::Uart0::flushWriteBuffer()
 .text.startup._GLOBAL__sub_I___vector_19
                0x000009c4        0xa /home/renderer/OMAR_PROGRAMMING/ThorDrive/ThorDrive_FW/app/Proto_V0/build/scons-release/modm/libmodm.a(uart0_tx.o)
 .text.libgcc.mul
                0x000009ce       0x1e /opt/avr-gcc/avr/lib/gcc/avr/14.2.0/avr5/libgcc.a(_mulsi3.o)
                0x000009ce                __mulsi3
 .text.libgcc.div
                0x000009ec       0x44 /opt/avr-gcc/avr/lib/gcc/avr/14.2.0/avr5/libgcc.a(_udivmodsi4.o)
                0x000009ec                __udivmodsi4
 .text.libgcc.mul
                0x00000a30       0x14 /opt/avr-gcc/avr/lib/gcc/avr/14.2.0/avr5/libgcc.a(_muluhisi3.o)
                0x00000a30                __muluhisi3
 .text.libgcc   0x00000a44        0xc /opt/avr-gcc/avr/lib/gcc/avr/14.2.0/avr5/libgcc.a(_tablejump2.o)
                0x00000a44                __tablejump2__
 .text.libgcc.mul
                0x00000a50       0x1e /opt/avr-gcc/avr/lib/gcc/avr/14.2.0/avr5/libgcc.a(_umulhisi3.o)
                0x00000a50                __umulhisi3
 .text.libgcc.prologue
                0x00000a6e       0x38 /opt/avr-gcc/avr/lib/gcc/avr/14.2.0/avr5/libgcc.a(_prologue.o)
                0x00000a6e                __prologue_saves__
 .text.libgcc.prologue
                0x00000aa6       0x36 /opt/avr-gcc/avr/lib/gcc/avr/14.2.0/avr5/libgcc.a(_epilogue.o)
                0x00000aa6                __epilogue_restores__
 .text.avr-libc
                0x00000adc       0x14 /opt/avr-gcc/avr/lib/gcc/avr/14.2.0/../../../../../avr/lib/avr5/libc.a(itoa_ncheck.o)
                0x00000adc                __itoa_ncheck
 .text.avr-libc
                0x00000af0       0x32 /opt/avr-gcc/avr/lib/gcc/avr/14.2.0/../../../../../avr/lib/avr5/libc.a(utoa_ncheck.o)
                0x00000af0                __utoa_ncheck
                0x00000af2                __utoa_common
 .text.avr-libc
                0x00000b22       0x40 /opt/avr-gcc/avr/lib/gcc/avr/14.2.0/../../../../../avr/lib/avr5/libc.a(sprintf.o)
                0x00000b22                sprintf
 .text.avr-libc
                0x00000b62      0x3ba /opt/avr-gcc/avr/lib/gcc/avr/14.2.0/../../../../../avr/lib/avr5/libc.a(vfprintf_std.o)
                0x00000b62                vfprintf
 .text.avr-libc
                0x00000f1c       0x16 /opt/avr-gcc/avr/lib/gcc/avr/14.2.0/../../../../../avr/lib/avr5/libc.a(strnlen_P.o)
                0x00000f1c                strnlen_P
 .text.avr-libc
                0x00000f32       0x16 /opt/avr-gcc/avr/lib/gcc/avr/14.2.0/../../../../../avr/lib/avr5/libc.a(strnlen.o)
                0x00000f32                strnlen
 .text.avr-libc
                0x00000f48       0x20 /opt/avr-gcc/avr/lib/gcc/avr/14.2.0/../../../../../avr/lib/avr5/libc.a(strrev.o)
                0x00000f48                strrev
 .text.avr-libc
                0x00000f68       0x60 /opt/avr-gcc/avr/lib/gcc/avr/14.2.0/../../../../../avr/lib/avr5/libc.a(fputc.o)
                0x00000f68                fputc
 .text.avr-libc
                0x00000fc8       0xbc /opt/avr-gcc/avr/lib/gcc/avr/14.2.0/../../../../../avr/lib/avr5/libc.a(ultoa_invert.o)
                0x00000fc8                __ultoa_invert
                0x00001084                        . = ALIGN (0x2)
 *(.fini9)
 .fini9         0x00001084        0x0 /opt/avr-gcc/avr/lib/gcc/avr/14.2.0/avr5/libgcc.a(_exit.o)
                0x00001084                exit
                0x00001084                _exit
 *(.fini9)
 *(.fini8)
 *(.fini8)
 *(.fini7)
 *(.fini7)
 *(.fini6)
 *(.fini6)
 *(.fini5)
 *(.fini5)
 *(.fini4)
 *(.fini4)
 *(.fini3)
 *(.fini3)
 *(.fini2)
 *(.fini2)
 *(.fini1)
 *(.fini1)
 *(.fini0)
 .fini0         0x00001084        0x4 /opt/avr-gcc/avr/lib/gcc/avr/14.2.0/avr5/libgcc.a(_exit.o)
 *(.fini0)
 *(.hightext)
 *(.hightext*)
 *(.progmemx.*)
                0x00001088                        . = ALIGN (0x2)
 *(.jumptables)
 *(.jumptables*)
                0x00001088                        _etext = .

.data           0x00800100       0x5e load address 0x00001088
                0x00800100                        PROVIDE (__data_start = .)
 *(.data)
 *(.data*)
 .data.loggerDevice
                0x00800100        0x2 /home/renderer/OMAR_PROGRAMMING/ThorDrive/ThorDrive_FW/app/Proto_V0/build/scons-release/main.o
                0x00800100                loggerDevice
 .data.pmsmTrapCom
                0x00800102       0x23 /home/renderer/OMAR_PROGRAMMING/ThorDrive/ThorDrive_FW/app/Proto_V0/build/scons-release/main.o
                0x00800102                pmsmTrapCom
 .data._ZN4modm8platform12AdcInterrupt7handlerE
                0x00800125        0x2 /home/renderer/OMAR_PROGRAMMING/ThorDrive/ThorDrive_FW/app/Proto_V0/build/scons-release/modm/libmodm.a(adc_interrupt.o)
                0x00800125                modm::platform::AdcInterrupt::handler
 *(.gnu.linkonce.d*)
 *(.rodata)
 .rodata        0x00800127        0x5 /home/renderer/OMAR_PROGRAMMING/ThorDrive/ThorDrive_FW/app/Proto_V0/build/scons-release/module/pmsmTrapCom_halBind.o
 *(.rodata*)
 .rodata.main.str1.1
                0x0080012c       0x17 /home/renderer/OMAR_PROGRAMMING/ThorDrive/ThorDrive_FW/app/Proto_V0/build/scons-release/main.o
 .rodata._ZTVN4modm15IODeviceWrapperINS_8platform5Uart0ELNS_8IOBufferE1EEE
                0x00800143       0x10 /home/renderer/OMAR_PROGRAMMING/ThorDrive/ThorDrive_FW/app/Proto_V0/build/scons-release/main.o
                0x00800143                vtable for modm::IODeviceWrapper<modm::platform::Uart0, (modm::IOBuffer)1>
 .rodata.CSWTCH.10
                0x00800153        0xa /home/renderer/OMAR_PROGRAMMING/ThorDrive/ThorDrive_FW/app/Proto_V0/build/scons-release/module/pmsmTrapCom_halBind.o
 *(.gnu.linkonce.r*)
                0x0080015e                        . = ALIGN (0x2)
 *fill*         0x0080015d        0x1 
                0x0080015e                        _edata = .
                0x0080015e                        PROVIDE (__data_end = .)
Address of section .data set to 0x800100
LOAD /opt/avr-gcc/avr/lib/gcc/avr/14.2.0/../../../../../avr/lib/avr5/crtatmega328p.o
LOAD /home/renderer/OMAR_PROGRAMMING/ThorDrive/ThorDrive_FW/app/Proto_V0/build/scons-release/main.o
LOAD /home/renderer/OMAR_PROGRAMMING/ThorDrive/ThorDrive_FW/app/Proto_V0/build/scons-release/module/module_halBind.o
LOAD /home/renderer/OMAR_PROGRAMMING/ThorDrive/ThorDrive_FW/app/Proto_V0/build/scons-release/module/pmsmTrapCom.o
LOAD /home/renderer/OMAR_PROGRAMMING/ThorDrive/ThorDrive_FW/app/Proto_V0/build/scons-release/module/pmsmTrapCom_halBind.o
LOAD /home/renderer/OMAR_PROGRAMMING/ThorDrive/ThorDrive_FW/app/Proto_V0/build/scons-release/module/systemCtrl.o
LOAD /home/renderer/OMAR_PROGRAMMING/ThorDrive/ThorDrive_FW/app/Proto_V0/build/scons-release/module/systemCtrl_halBind.o
START GROUP
LOAD /home/renderer/OMAR_PROGRAMMING/ThorDrive/ThorDrive_FW/app/Proto_V0/build/scons-release/modm/libmodm.a
END GROUP
LOAD /opt/avr-gcc/avr/lib/gcc/avr/14.2.0/avr5/libgcc.a
LOAD /opt/avr-gcc/avr/lib/gcc/avr/14.2.0/../../../../../avr/lib/avr5/libm.a
START GROUP
LOAD /opt/avr-gcc/avr/lib/gcc/avr/14.2.0/avr5/libgcc.a
LOAD /opt/avr-gcc/avr/lib/gcc/avr/14.2.0/../../../../../avr/lib/avr5/libm.a
LOAD /opt/avr-gcc/avr/lib/gcc/avr/14.2.0/../../../../../avr/lib/avr5/libc.a
LOAD /opt/avr-gcc/avr/lib/gcc/avr/14.2.0/../../../../../avr/lib/avr5/libatmega328p.a
END GROUP

.modm_assertion
                0x00000000        0x0 load address 0x000010e6
                0x00000000                        . = ALIGN (0x2)
                0x00000000                        __assertion_table_start = .
 *(.assertion)
                0x00000000                        __assertion_table_end = .

.bss            0x0080015e       0x68
                0x0080015e                        PROVIDE (__bss_start = .)
 *(.bss)
 *(.bss*)
 .bss._ZN4modm3log5errorE
                0x0080015e        0x4 /home/renderer/OMAR_PROGRAMMING/ThorDrive/ThorDrive_FW/app/Proto_V0/build/scons-release/main.o
                0x0080015e                modm::log::error
 .bss._ZN4modm3log7warningE
                0x00800162        0x4 /home/renderer/OMAR_PROGRAMMING/ThorDrive/ThorDrive_FW/app/Proto_V0/build/scons-release/main.o
                0x00800162                modm::log::warning
 .bss._ZN4modm3log4infoE
                0x00800166        0x4 /home/renderer/OMAR_PROGRAMMING/ThorDrive/ThorDrive_FW/app/Proto_V0/build/scons-release/main.o
                0x00800166                modm::log::info
 .bss._ZN4modm3log5debugE
                0x0080016a        0x4 /home/renderer/OMAR_PROGRAMMING/ThorDrive/ThorDrive_FW/app/Proto_V0/build/scons-release/main.o
                0x0080016a                modm::log::debug
 .bss._ZL9interrupt
                0x0080016e        0x1 /home/renderer/OMAR_PROGRAMMING/ThorDrive/ThorDrive_FW/app/Proto_V0/build/scons-release/modm/libmodm.a(clock.o)
 .bss._ZL10micro_time
                0x0080016f        0x4 /home/renderer/OMAR_PROGRAMMING/ThorDrive/ThorDrive_FW/app/Proto_V0/build/scons-release/modm/libmodm.a(clock.o)
 .bss._ZL10milli_time
                0x00800173        0x4 /home/renderer/OMAR_PROGRAMMING/ThorDrive/ThorDrive_FW/app/Proto_V0/build/scons-release/modm/libmodm.a(clock.o)
 .bss._ZL5error
                0x00800177        0x1 /home/renderer/OMAR_PROGRAMMING/ThorDrive/ThorDrive_FW/app/Proto_V0/build/scons-release/modm/libmodm.a(uart0_rx.o)
 .bss._ZL8rxBuffer
                0x00800178        0xb /home/renderer/OMAR_PROGRAMMING/ThorDrive/ThorDrive_FW/app/Proto_V0/build/scons-release/modm/libmodm.a(uart0_rx.o)
 .bss._ZL8txBuffer
                0x00800183       0x43 /home/renderer/OMAR_PROGRAMMING/ThorDrive/ThorDrive_FW/app/Proto_V0/build/scons-release/modm/libmodm.a(uart0_tx.o)
 *(COMMON)
                0x008001c6                        PROVIDE (__bss_end = .)
                0x00001088                        __data_load_start = LOADADDR (.data)
                0x000010e6                        __data_load_end = (__data_load_start + SIZEOF (.data))

.noinit         0x008001c6        0x0
                [!provide]                        PROVIDE (__noinit_start = .)
 *(.noinit .noinit.* .gnu.linkonce.n.*)
                [!provide]                        PROVIDE (__noinit_end = .)
                0x008001c6                        _end = .
                0x008001c6                        PROVIDE (__heap_start = .)
                0x00000000                        __flmap_init_label = DEFINED (__flmap_noinit_start)?__flmap_noinit_start:0x0
                0x00000000                        __flmap = DEFINED (__flmap)?__flmap:0x0

.eeprom         0x00810000        0x0
 *(.eeprom*)
                0x00810000                        __eeprom_end = .

.fuse
 *(.fuse)
 *(.lfuse)
 *(.hfuse)
 *(.efuse)

.lock
 *(.lock*)

.signature
 *(.signature*)

.stab
 *(.stab)

.stabstr
 *(.stabstr)

.stab.excl
 *(.stab.excl)

.stab.exclstr
 *(.stab.exclstr)

.stab.index
 *(.stab.index)

.stab.indexstr
 *(.stab.indexstr)

.comment        0x00000000       0x12
 *(.comment)
 .comment       0x00000000       0x12 /home/renderer/OMAR_PROGRAMMING/ThorDrive/ThorDrive_FW/app/Proto_V0/build/scons-release/main.o
                                 0x13 (size before relaxing)
 .comment       0x00000012       0x13 /home/renderer/OMAR_PROGRAMMING/ThorDrive/ThorDrive_FW/app/Proto_V0/build/scons-release/module/module_halBind.o
 .comment       0x00000012       0x13 /home/renderer/OMAR_PROGRAMMING/ThorDrive/ThorDrive_FW/app/Proto_V0/build/scons-release/module/pmsmTrapCom.o
 .comment       0x00000012       0x13 /home/renderer/OMAR_PROGRAMMING/ThorDrive/ThorDrive_FW/app/Proto_V0/build/scons-release/module/pmsmTrapCom_halBind.o
 .comment       0x00000012       0x13 /home/renderer/OMAR_PROGRAMMING/ThorDrive/ThorDrive_FW/app/Proto_V0/build/scons-release/modm/libmodm.a(new_delete.o)
 .comment       0x00000012       0x13 /home/renderer/OMAR_PROGRAMMING/ThorDrive/ThorDrive_FW/app/Proto_V0/build/scons-release/modm/libmodm.a(iostream.o)
 .comment       0x00000012       0x13 /home/renderer/OMAR_PROGRAMMING/ThorDrive/ThorDrive_FW/app/Proto_V0/build/scons-release/modm/libmodm.a(iostream_printf.o)
 .comment       0x00000012       0x13 /home/renderer/OMAR_PROGRAMMING/ThorDrive/ThorDrive_FW/app/Proto_V0/build/scons-release/modm/libmodm.a(adc_interrupt.o)
 .comment       0x00000012       0x13 /home/renderer/OMAR_PROGRAMMING/ThorDrive/ThorDrive_FW/app/Proto_V0/build/scons-release/modm/libmodm.a(clock.o)
 .comment       0x00000012       0x13 /home/renderer/OMAR_PROGRAMMING/ThorDrive/ThorDrive_FW/app/Proto_V0/build/scons-release/modm/libmodm.a(uart0_rx.o)
 .comment       0x00000012       0x13 /home/renderer/OMAR_PROGRAMMING/ThorDrive/ThorDrive_FW/app/Proto_V0/build/scons-release/modm/libmodm.a(uart0_tx.o)
 .comment       0x00000012       0x13 /opt/avr-gcc/avr/lib/gcc/avr/14.2.0/../../../../../avr/lib/avr5/libc.a(sprintf.o)
 .comment       0x00000012       0x13 /opt/avr-gcc/avr/lib/gcc/avr/14.2.0/../../../../../avr/lib/avr5/libc.a(vfprintf_std.o)
 .comment       0x00000012       0x13 /opt/avr-gcc/avr/lib/gcc/avr/14.2.0/../../../../../avr/lib/avr5/libc.a(fputc.o)

.note.gnu.avr.deviceinfo
                0x00000000       0x40
 .note.gnu.avr.deviceinfo
                0x00000000       0x40 /opt/avr-gcc/avr/lib/gcc/avr/14.2.0/../../../../../avr/lib/avr5/crtatmega328p.o

.gnu.build.attributes
 *(.gnu.build.attributes .gnu.build.attributes.*)

.note.gnu.build-id
 *(.note.gnu.build-id)

.debug
 *(.debug)

.line
 *(.line)

.debug_srcinfo
 *(.debug_srcinfo)

.debug_sfnames
 *(.debug_sfnames)

.debug_aranges  0x00000000      0x500
 *(.debug_aranges)
 .debug_aranges
                0x00000000       0x70 /home/renderer/OMAR_PROGRAMMING/ThorDrive/ThorDrive_FW/app/Proto_V0/build/scons-release/main.o
 .debug_aranges
                0x00000070       0x30 /home/renderer/OMAR_PROGRAMMING/ThorDrive/ThorDrive_FW/app/Proto_V0/build/scons-release/module/module_halBind.o
 .debug_aranges
                0x000000a0       0x48 /home/renderer/OMAR_PROGRAMMING/ThorDrive/ThorDrive_FW/app/Proto_V0/build/scons-release/module/pmsmTrapCom.o
 .debug_aranges
                0x000000e8       0x40 /home/renderer/OMAR_PROGRAMMING/ThorDrive/ThorDrive_FW/app/Proto_V0/build/scons-release/module/pmsmTrapCom_halBind.o
 .debug_aranges
                0x00000128       0x98 /home/renderer/OMAR_PROGRAMMING/ThorDrive/ThorDrive_FW/app/Proto_V0/build/scons-release/modm/libmodm.a(new_delete.o)
 .debug_aranges
                0x000001c0       0x90 /home/renderer/OMAR_PROGRAMMING/ThorDrive/ThorDrive_FW/app/Proto_V0/build/scons-release/modm/libmodm.a(iostream.o)
 .debug_aranges
                0x00000250       0x38 /home/renderer/OMAR_PROGRAMMING/ThorDrive/ThorDrive_FW/app/Proto_V0/build/scons-release/modm/libmodm.a(iostream_printf.o)
 .debug_aranges
                0x00000288       0x28 /home/renderer/OMAR_PROGRAMMING/ThorDrive/ThorDrive_FW/app/Proto_V0/build/scons-release/modm/libmodm.a(adc_interrupt.o)
 .debug_aranges
                0x000002b0       0x38 /home/renderer/OMAR_PROGRAMMING/ThorDrive/ThorDrive_FW/app/Proto_V0/build/scons-release/modm/libmodm.a(clock.o)
 .debug_aranges
                0x000002e8       0x58 /home/renderer/OMAR_PROGRAMMING/ThorDrive/ThorDrive_FW/app/Proto_V0/build/scons-release/modm/libmodm.a(uart0_rx.o)
 .debug_aranges
                0x00000340       0x60 /home/renderer/OMAR_PROGRAMMING/ThorDrive/ThorDrive_FW/app/Proto_V0/build/scons-release/modm/libmodm.a(uart0_tx.o)
 .debug_aranges
                0x000003a0       0x20 /opt/avr-gcc/avr/lib/gcc/avr/14.2.0/avr5/libgcc.a(_mulsi3.o)
 .debug_aranges
                0x000003c0       0x20 /opt/avr-gcc/avr/lib/gcc/avr/14.2.0/avr5/libgcc.a(_udivmodsi4.o)
 .debug_aranges
                0x000003e0       0x20 /opt/avr-gcc/avr/lib/gcc/avr/14.2.0/avr5/libgcc.a(_exit.o)
 .debug_aranges
                0x00000400       0x20 /opt/avr-gcc/avr/lib/gcc/avr/14.2.0/avr5/libgcc.a(_copy_data.o)
 .debug_aranges
                0x00000420       0x20 /opt/avr-gcc/avr/lib/gcc/avr/14.2.0/avr5/libgcc.a(_clear_bss.o)
 .debug_aranges
                0x00000440       0x20 /opt/avr-gcc/avr/lib/gcc/avr/14.2.0/avr5/libgcc.a(_ctors.o)
 .debug_aranges
                0x00000460       0x20 /opt/avr-gcc/avr/lib/gcc/avr/14.2.0/avr5/libgcc.a(_muluhisi3.o)
 .debug_aranges
                0x00000480       0x20 /opt/avr-gcc/avr/lib/gcc/avr/14.2.0/avr5/libgcc.a(_tablejump2.o)
 .debug_aranges
                0x000004a0       0x20 /opt/avr-gcc/avr/lib/gcc/avr/14.2.0/avr5/libgcc.a(_umulhisi3.o)
 .debug_aranges
                0x000004c0       0x20 /opt/avr-gcc/avr/lib/gcc/avr/14.2.0/avr5/libgcc.a(_prologue.o)
 .debug_aranges
                0x000004e0       0x20 /opt/avr-gcc/avr/lib/gcc/avr/14.2.0/avr5/libgcc.a(_epilogue.o)

.debug_pubnames
 *(.debug_pubnames)

.debug_info     0x00000000    0x18586
 *(.debug_info .gnu.linkonce.wi.*)
 .debug_info    0x00000000      0x5f4 /opt/avr-gcc/avr/lib/gcc/avr/14.2.0/../../../../../avr/lib/avr5/crtatmega328p.o
 .debug_info    0x000005f4     0x5a4b /home/renderer/OMAR_PROGRAMMING/ThorDrive/ThorDrive_FW/app/Proto_V0/build/scons-release/main.o
 .debug_info    0x0000603f     0x142e /home/renderer/OMAR_PROGRAMMING/ThorDrive/ThorDrive_FW/app/Proto_V0/build/scons-release/module/module_halBind.o
 .debug_info    0x0000746d      0x6d5 /home/renderer/OMAR_PROGRAMMING/ThorDrive/ThorDrive_FW/app/Proto_V0/build/scons-release/module/pmsmTrapCom.o
 .debug_info    0x00007b42     0x5526 /home/renderer/OMAR_PROGRAMMING/ThorDrive/ThorDrive_FW/app/Proto_V0/build/scons-release/module/pmsmTrapCom_halBind.o
 .debug_info    0x0000d068     0x1391 /home/renderer/OMAR_PROGRAMMING/ThorDrive/ThorDrive_FW/app/Proto_V0/build/scons-release/modm/libmodm.a(new_delete.o)
 .debug_info    0x0000e3f9     0x28b5 /home/renderer/OMAR_PROGRAMMING/ThorDrive/ThorDrive_FW/app/Proto_V0/build/scons-release/modm/libmodm.a(iostream.o)
 .debug_info    0x00010cae     0x2077 /home/renderer/OMAR_PROGRAMMING/ThorDrive/ThorDrive_FW/app/Proto_V0/build/scons-release/modm/libmodm.a(iostream_printf.o)
 .debug_info    0x00012d25     0x1c88 /home/renderer/OMAR_PROGRAMMING/ThorDrive/ThorDrive_FW/app/Proto_V0/build/scons-release/modm/libmodm.a(adc_interrupt.o)
 .debug_info    0x000149ad     0x133e /home/renderer/OMAR_PROGRAMMING/ThorDrive/ThorDrive_FW/app/Proto_V0/build/scons-release/modm/libmodm.a(clock.o)
 .debug_info    0x00015ceb     0x131f /home/renderer/OMAR_PROGRAMMING/ThorDrive/ThorDrive_FW/app/Proto_V0/build/scons-release/modm/libmodm.a(uart0_rx.o)
 .debug_info    0x0001700a     0x13f0 /home/renderer/OMAR_PROGRAMMING/ThorDrive/ThorDrive_FW/app/Proto_V0/build/scons-release/modm/libmodm.a(uart0_tx.o)
 .debug_info    0x000183fa       0x24 /opt/avr-gcc/avr/lib/gcc/avr/14.2.0/avr5/libgcc.a(_mulsi3.o)
 .debug_info    0x0001841e       0x24 /opt/avr-gcc/avr/lib/gcc/avr/14.2.0/avr5/libgcc.a(_udivmodsi4.o)
 .debug_info    0x00018442       0x24 /opt/avr-gcc/avr/lib/gcc/avr/14.2.0/avr5/libgcc.a(_exit.o)
 .debug_info    0x00018466       0x24 /opt/avr-gcc/avr/lib/gcc/avr/14.2.0/avr5/libgcc.a(_copy_data.o)
 .debug_info    0x0001848a       0x24 /opt/avr-gcc/avr/lib/gcc/avr/14.2.0/avr5/libgcc.a(_clear_bss.o)
 .debug_info    0x000184ae       0x24 /opt/avr-gcc/avr/lib/gcc/avr/14.2.0/avr5/libgcc.a(_ctors.o)
 .debug_info    0x000184d2       0x24 /opt/avr-gcc/avr/lib/gcc/avr/14.2.0/avr5/libgcc.a(_muluhisi3.o)
 .debug_info    0x000184f6       0x24 /opt/avr-gcc/avr/lib/gcc/avr/14.2.0/avr5/libgcc.a(_tablejump2.o)
 .debug_info    0x0001851a       0x24 /opt/avr-gcc/avr/lib/gcc/avr/14.2.0/avr5/libgcc.a(_umulhisi3.o)
 .debug_info    0x0001853e       0x24 /opt/avr-gcc/avr/lib/gcc/avr/14.2.0/avr5/libgcc.a(_prologue.o)
 .debug_info    0x00018562       0x24 /opt/avr-gcc/avr/lib/gcc/avr/14.2.0/avr5/libgcc.a(_epilogue.o)

.debug_abbrev   0x00000000     0x4ac4
 *(.debug_abbrev)
 .debug_abbrev  0x00000000      0x5a2 /opt/avr-gcc/avr/lib/gcc/avr/14.2.0/../../../../../avr/lib/avr5/crtatmega328p.o
 .debug_abbrev  0x000005a2      0xd91 /home/renderer/OMAR_PROGRAMMING/ThorDrive/ThorDrive_FW/app/Proto_V0/build/scons-release/main.o
 .debug_abbrev  0x00001333      0x435 /home/renderer/OMAR_PROGRAMMING/ThorDrive/ThorDrive_FW/app/Proto_V0/build/scons-release/module/module_halBind.o
 .debug_abbrev  0x00001768      0x229 /home/renderer/OMAR_PROGRAMMING/ThorDrive/ThorDrive_FW/app/Proto_V0/build/scons-release/module/pmsmTrapCom.o
 .debug_abbrev  0x00001991      0x79f /home/renderer/OMAR_PROGRAMMING/ThorDrive/ThorDrive_FW/app/Proto_V0/build/scons-release/module/pmsmTrapCom_halBind.o
 .debug_abbrev  0x00002130      0x481 /home/renderer/OMAR_PROGRAMMING/ThorDrive/ThorDrive_FW/app/Proto_V0/build/scons-release/modm/libmodm.a(new_delete.o)
 .debug_abbrev  0x000025b1      0x732 /home/renderer/OMAR_PROGRAMMING/ThorDrive/ThorDrive_FW/app/Proto_V0/build/scons-release/modm/libmodm.a(iostream.o)
 .debug_abbrev  0x00002ce3      0x579 /home/renderer/OMAR_PROGRAMMING/ThorDrive/ThorDrive_FW/app/Proto_V0/build/scons-release/modm/libmodm.a(iostream_printf.o)
 .debug_abbrev  0x0000325c      0x6cf /home/renderer/OMAR_PROGRAMMING/ThorDrive/ThorDrive_FW/app/Proto_V0/build/scons-release/modm/libmodm.a(adc_interrupt.o)
 .debug_abbrev  0x0000392b      0x4b1 /home/renderer/OMAR_PROGRAMMING/ThorDrive/ThorDrive_FW/app/Proto_V0/build/scons-release/modm/libmodm.a(clock.o)
 .debug_abbrev  0x00003ddc      0x5f8 /home/renderer/OMAR_PROGRAMMING/ThorDrive/ThorDrive_FW/app/Proto_V0/build/scons-release/modm/libmodm.a(uart0_rx.o)
 .debug_abbrev  0x000043d4      0x614 /home/renderer/OMAR_PROGRAMMING/ThorDrive/ThorDrive_FW/app/Proto_V0/build/scons-release/modm/libmodm.a(uart0_tx.o)
 .debug_abbrev  0x000049e8       0x14 /opt/avr-gcc/avr/lib/gcc/avr/14.2.0/avr5/libgcc.a(_mulsi3.o)
 .debug_abbrev  0x000049fc       0x14 /opt/avr-gcc/avr/lib/gcc/avr/14.2.0/avr5/libgcc.a(_udivmodsi4.o)
 .debug_abbrev  0x00004a10       0x14 /opt/avr-gcc/avr/lib/gcc/avr/14.2.0/avr5/libgcc.a(_exit.o)
 .debug_abbrev  0x00004a24       0x14 /opt/avr-gcc/avr/lib/gcc/avr/14.2.0/avr5/libgcc.a(_copy_data.o)
 .debug_abbrev  0x00004a38       0x14 /opt/avr-gcc/avr/lib/gcc/avr/14.2.0/avr5/libgcc.a(_clear_bss.o)
 .debug_abbrev  0x00004a4c       0x14 /opt/avr-gcc/avr/lib/gcc/avr/14.2.0/avr5/libgcc.a(_ctors.o)
 .debug_abbrev  0x00004a60       0x14 /opt/avr-gcc/avr/lib/gcc/avr/14.2.0/avr5/libgcc.a(_muluhisi3.o)
 .debug_abbrev  0x00004a74       0x14 /opt/avr-gcc/avr/lib/gcc/avr/14.2.0/avr5/libgcc.a(_tablejump2.o)
 .debug_abbrev  0x00004a88       0x14 /opt/avr-gcc/avr/lib/gcc/avr/14.2.0/avr5/libgcc.a(_umulhisi3.o)
 .debug_abbrev  0x00004a9c       0x14 /opt/avr-gcc/avr/lib/gcc/avr/14.2.0/avr5/libgcc.a(_prologue.o)
 .debug_abbrev  0x00004ab0       0x14 /opt/avr-gcc/avr/lib/gcc/avr/14.2.0/avr5/libgcc.a(_epilogue.o)

.debug_line     0x00000000     0x8938
 *(.debug_line .debug_line.* .debug_line_end)
 .debug_line    0x00000000       0x1d /opt/avr-gcc/avr/lib/gcc/avr/14.2.0/../../../../../avr/lib/avr5/crtatmega328p.o
 .debug_line    0x0000001d     0x146f /home/renderer/OMAR_PROGRAMMING/ThorDrive/ThorDrive_FW/app/Proto_V0/build/scons-release/main.o
 .debug_line    0x0000148c      0xbdf /home/renderer/OMAR_PROGRAMMING/ThorDrive/ThorDrive_FW/app/Proto_V0/build/scons-release/module/module_halBind.o
 .debug_line    0x0000206b      0x431 /home/renderer/OMAR_PROGRAMMING/ThorDrive/ThorDrive_FW/app/Proto_V0/build/scons-release/module/pmsmTrapCom.o
 .debug_line    0x0000249c     0x171b /home/renderer/OMAR_PROGRAMMING/ThorDrive/ThorDrive_FW/app/Proto_V0/build/scons-release/module/pmsmTrapCom_halBind.o
 .debug_line    0x00003bb7      0x844 /home/renderer/OMAR_PROGRAMMING/ThorDrive/ThorDrive_FW/app/Proto_V0/build/scons-release/modm/libmodm.a(new_delete.o)
 .debug_line    0x000043fb      0xd66 /home/renderer/OMAR_PROGRAMMING/ThorDrive/ThorDrive_FW/app/Proto_V0/build/scons-release/modm/libmodm.a(iostream.o)
 .debug_line    0x00005161      0x7ef /home/renderer/OMAR_PROGRAMMING/ThorDrive/ThorDrive_FW/app/Proto_V0/build/scons-release/modm/libmodm.a(iostream_printf.o)
 .debug_line    0x00005950      0x8b6 /home/renderer/OMAR_PROGRAMMING/ThorDrive/ThorDrive_FW/app/Proto_V0/build/scons-release/modm/libmodm.a(adc_interrupt.o)
 .debug_line    0x00006206      0x547 /home/renderer/OMAR_PROGRAMMING/ThorDrive/ThorDrive_FW/app/Proto_V0/build/scons-release/modm/libmodm.a(clock.o)
 .debug_line    0x0000674d      0xd35 /home/renderer/OMAR_PROGRAMMING/ThorDrive/ThorDrive_FW/app/Proto_V0/build/scons-release/modm/libmodm.a(uart0_rx.o)
 .debug_line    0x00007482      0xddb /home/renderer/OMAR_PROGRAMMING/ThorDrive/ThorDrive_FW/app/Proto_V0/build/scons-release/modm/libmodm.a(uart0_tx.o)
 .debug_line    0x0000825d       0x9f /opt/avr-gcc/avr/lib/gcc/avr/14.2.0/avr5/libgcc.a(_mulsi3.o)
 .debug_line    0x000082fc      0x111 /opt/avr-gcc/avr/lib/gcc/avr/14.2.0/avr5/libgcc.a(_udivmodsi4.o)
 .debug_line    0x0000840d       0x51 /opt/avr-gcc/avr/lib/gcc/avr/14.2.0/avr5/libgcc.a(_exit.o)
 .debug_line    0x0000845e       0x87 /opt/avr-gcc/avr/lib/gcc/avr/14.2.0/avr5/libgcc.a(_copy_data.o)
 .debug_line    0x000084e5       0x75 /opt/avr-gcc/avr/lib/gcc/avr/14.2.0/avr5/libgcc.a(_clear_bss.o)
 .debug_line    0x0000855a       0x81 /opt/avr-gcc/avr/lib/gcc/avr/14.2.0/avr5/libgcc.a(_ctors.o)
 .debug_line    0x000085db       0x81 /opt/avr-gcc/avr/lib/gcc/avr/14.2.0/avr5/libgcc.a(_muluhisi3.o)
 .debug_line    0x0000865c       0x69 /opt/avr-gcc/avr/lib/gcc/avr/14.2.0/avr5/libgcc.a(_tablejump2.o)
 .debug_line    0x000086c5       0x9f /opt/avr-gcc/avr/lib/gcc/avr/14.2.0/avr5/libgcc.a(_umulhisi3.o)
 .debug_line    0x00008764       0xed /opt/avr-gcc/avr/lib/gcc/avr/14.2.0/avr5/libgcc.a(_prologue.o)
 .debug_line    0x00008851       0xe7 /opt/avr-gcc/avr/lib/gcc/avr/14.2.0/avr5/libgcc.a(_epilogue.o)

.debug_frame    0x00000000      0xa38
 *(.debug_frame)
 .debug_frame   0x00000000      0x104 /home/renderer/OMAR_PROGRAMMING/ThorDrive/ThorDrive_FW/app/Proto_V0/build/scons-release/main.o
 .debug_frame   0x00000104      0x11c /home/renderer/OMAR_PROGRAMMING/ThorDrive/ThorDrive_FW/app/Proto_V0/build/scons-release/module/module_halBind.o
 .debug_frame   0x00000220      0x108 /home/renderer/OMAR_PROGRAMMING/ThorDrive/ThorDrive_FW/app/Proto_V0/build/scons-release/module/pmsmTrapCom.o
 .debug_frame   0x00000328       0xf4 /home/renderer/OMAR_PROGRAMMING/ThorDrive/ThorDrive_FW/app/Proto_V0/build/scons-release/module/pmsmTrapCom_halBind.o
 .debug_frame   0x0000041c      0x138 /home/renderer/OMAR_PROGRAMMING/ThorDrive/ThorDrive_FW/app/Proto_V0/build/scons-release/modm/libmodm.a(new_delete.o)
 .debug_frame   0x00000554      0x19c /home/renderer/OMAR_PROGRAMMING/ThorDrive/ThorDrive_FW/app/Proto_V0/build/scons-release/modm/libmodm.a(iostream.o)
 .debug_frame   0x000006f0       0xc4 /home/renderer/OMAR_PROGRAMMING/ThorDrive/ThorDrive_FW/app/Proto_V0/build/scons-release/modm/libmodm.a(iostream_printf.o)
 .debug_frame   0x000007b4       0x7c /home/renderer/OMAR_PROGRAMMING/ThorDrive/ThorDrive_FW/app/Proto_V0/build/scons-release/modm/libmodm.a(adc_interrupt.o)
 .debug_frame   0x00000830       0x64 /home/renderer/OMAR_PROGRAMMING/ThorDrive/ThorDrive_FW/app/Proto_V0/build/scons-release/modm/libmodm.a(clock.o)
 .debug_frame   0x00000894       0xa8 /home/renderer/OMAR_PROGRAMMING/ThorDrive/ThorDrive_FW/app/Proto_V0/build/scons-release/modm/libmodm.a(uart0_rx.o)
 .debug_frame   0x0000093c       0xfc /home/renderer/OMAR_PROGRAMMING/ThorDrive/ThorDrive_FW/app/Proto_V0/build/scons-release/modm/libmodm.a(uart0_tx.o)

.debug_str      0x00000000    0x21573
 *(.debug_str)
 .debug_str     0x00000000      0x208 /opt/avr-gcc/avr/lib/gcc/avr/14.2.0/../../../../../avr/lib/avr5/crtatmega328p.o
 .debug_str     0x00000208    0x2136b /home/renderer/OMAR_PROGRAMMING/ThorDrive/ThorDrive_FW/app/Proto_V0/build/scons-release/main.o
                              0x165d9 (size before relaxing)
 .debug_str     0x00021573    0x10b5c /home/renderer/OMAR_PROGRAMMING/ThorDrive/ThorDrive_FW/app/Proto_V0/build/scons-release/module/module_halBind.o
 .debug_str     0x00021573     0x6a2f /home/renderer/OMAR_PROGRAMMING/ThorDrive/ThorDrive_FW/app/Proto_V0/build/scons-release/module/pmsmTrapCom.o
 .debug_str     0x00021573    0x18ae1 /home/renderer/OMAR_PROGRAMMING/ThorDrive/ThorDrive_FW/app/Proto_V0/build/scons-release/module/pmsmTrapCom_halBind.o
 .debug_str     0x00021573     0xf0a9 /home/renderer/OMAR_PROGRAMMING/ThorDrive/ThorDrive_FW/app/Proto_V0/build/scons-release/modm/libmodm.a(new_delete.o)
 .debug_str     0x00021573     0xfe5e /home/renderer/OMAR_PROGRAMMING/ThorDrive/ThorDrive_FW/app/Proto_V0/build/scons-release/modm/libmodm.a(iostream.o)
 .debug_str     0x00021573     0xfde4 /home/renderer/OMAR_PROGRAMMING/ThorDrive/ThorDrive_FW/app/Proto_V0/build/scons-release/modm/libmodm.a(iostream_printf.o)
 .debug_str     0x00021573     0xfc01 /home/renderer/OMAR_PROGRAMMING/ThorDrive/ThorDrive_FW/app/Proto_V0/build/scons-release/modm/libmodm.a(adc_interrupt.o)
 .debug_str     0x00021573     0xcac7 /home/renderer/OMAR_PROGRAMMING/ThorDrive/ThorDrive_FW/app/Proto_V0/build/scons-release/modm/libmodm.a(clock.o)
 .debug_str     0x00021573     0xe118 /home/renderer/OMAR_PROGRAMMING/ThorDrive/ThorDrive_FW/app/Proto_V0/build/scons-release/modm/libmodm.a(uart0_rx.o)
 .debug_str     0x00021573     0xe11b /home/renderer/OMAR_PROGRAMMING/ThorDrive/ThorDrive_FW/app/Proto_V0/build/scons-release/modm/libmodm.a(uart0_tx.o)
 .debug_str     0x00021573       0x7d /opt/avr-gcc/avr/lib/gcc/avr/14.2.0/avr5/libgcc.a(_mulsi3.o)
 .debug_str     0x00021573       0x7d /opt/avr-gcc/avr/lib/gcc/avr/14.2.0/avr5/libgcc.a(_udivmodsi4.o)
 .debug_str     0x00021573       0x7d /opt/avr-gcc/avr/lib/gcc/avr/14.2.0/avr5/libgcc.a(_exit.o)
 .debug_str     0x00021573       0x7d /opt/avr-gcc/avr/lib/gcc/avr/14.2.0/avr5/libgcc.a(_copy_data.o)
 .debug_str     0x00021573       0x7d /opt/avr-gcc/avr/lib/gcc/avr/14.2.0/avr5/libgcc.a(_clear_bss.o)
 .debug_str     0x00021573       0x7d /opt/avr-gcc/avr/lib/gcc/avr/14.2.0/avr5/libgcc.a(_ctors.o)
 .debug_str     0x00021573       0x7d /opt/avr-gcc/avr/lib/gcc/avr/14.2.0/avr5/libgcc.a(_muluhisi3.o)
 .debug_str     0x00021573       0x7d /opt/avr-gcc/avr/lib/gcc/avr/14.2.0/avr5/libgcc.a(_tablejump2.o)
 .debug_str     0x00021573       0x7d /opt/avr-gcc/avr/lib/gcc/avr/14.2.0/avr5/libgcc.a(_umulhisi3.o)
 .debug_str     0x00021573       0x7d /opt/avr-gcc/avr/lib/gcc/avr/14.2.0/avr5/libgcc.a(_prologue.o)
 .debug_str     0x00021573       0x7d /opt/avr-gcc/avr/lib/gcc/avr/14.2.0/avr5/libgcc.a(_epilogue.o)

.debug_loc      0x00000000     0x25e7
 *(.debug_loc)
 .debug_loc     0x00000000      0x748 /home/renderer/OMAR_PROGRAMMING/ThorDrive/ThorDrive_FW/app/Proto_V0/build/scons-release/main.o
 .debug_loc     0x00000748      0x23b /home/renderer/OMAR_PROGRAMMING/ThorDrive/ThorDrive_FW/app/Proto_V0/build/scons-release/module/pmsmTrapCom.o
 .debug_loc     0x00000983      0x9e2 /home/renderer/OMAR_PROGRAMMING/ThorDrive/ThorDrive_FW/app/Proto_V0/build/scons-release/module/pmsmTrapCom_halBind.o
 .debug_loc     0x00001365      0x1ee /home/renderer/OMAR_PROGRAMMING/ThorDrive/ThorDrive_FW/app/Proto_V0/build/scons-release/modm/libmodm.a(new_delete.o)
 .debug_loc     0x00001553      0x67f /home/renderer/OMAR_PROGRAMMING/ThorDrive/ThorDrive_FW/app/Proto_V0/build/scons-release/modm/libmodm.a(iostream.o)
 .debug_loc     0x00001bd2      0x37c /home/renderer/OMAR_PROGRAMMING/ThorDrive/ThorDrive_FW/app/Proto_V0/build/scons-release/modm/libmodm.a(iostream_printf.o)
 .debug_loc     0x00001f4e       0xa6 /home/renderer/OMAR_PROGRAMMING/ThorDrive/ThorDrive_FW/app/Proto_V0/build/scons-release/modm/libmodm.a(clock.o)
 .debug_loc     0x00001ff4      0x231 /home/renderer/OMAR_PROGRAMMING/ThorDrive/ThorDrive_FW/app/Proto_V0/build/scons-release/modm/libmodm.a(uart0_rx.o)
 .debug_loc     0x00002225      0x3c2 /home/renderer/OMAR_PROGRAMMING/ThorDrive/ThorDrive_FW/app/Proto_V0/build/scons-release/modm/libmodm.a(uart0_tx.o)

.debug_macinfo
 *(.debug_macinfo)

.debug_weaknames
 *(.debug_weaknames)

.debug_funcnames
 *(.debug_funcnames)

.debug_typenames
 *(.debug_typenames)

.debug_varnames
 *(.debug_varnames)

.debug_pubtypes
 *(.debug_pubtypes)

.debug_ranges   0x00000000      0x558
 *(.debug_ranges)
 .debug_ranges  0x00000000       0xf8 /home/renderer/OMAR_PROGRAMMING/ThorDrive/ThorDrive_FW/app/Proto_V0/build/scons-release/main.o
 .debug_ranges  0x000000f8       0x20 /home/renderer/OMAR_PROGRAMMING/ThorDrive/ThorDrive_FW/app/Proto_V0/build/scons-release/module/module_halBind.o
 .debug_ranges  0x00000118       0x38 /home/renderer/OMAR_PROGRAMMING/ThorDrive/ThorDrive_FW/app/Proto_V0/build/scons-release/module/pmsmTrapCom.o
 .debug_ranges  0x00000150      0x170 /home/renderer/OMAR_PROGRAMMING/ThorDrive/ThorDrive_FW/app/Proto_V0/build/scons-release/module/pmsmTrapCom_halBind.o
 .debug_ranges  0x000002c0       0x88 /home/renderer/OMAR_PROGRAMMING/ThorDrive/ThorDrive_FW/app/Proto_V0/build/scons-release/modm/libmodm.a(new_delete.o)
 .debug_ranges  0x00000348       0xb0 /home/renderer/OMAR_PROGRAMMING/ThorDrive/ThorDrive_FW/app/Proto_V0/build/scons-release/modm/libmodm.a(iostream.o)
 .debug_ranges  0x000003f8       0x28 /home/renderer/OMAR_PROGRAMMING/ThorDrive/ThorDrive_FW/app/Proto_V0/build/scons-release/modm/libmodm.a(iostream_printf.o)
 .debug_ranges  0x00000420       0x18 /home/renderer/OMAR_PROGRAMMING/ThorDrive/ThorDrive_FW/app/Proto_V0/build/scons-release/modm/libmodm.a(adc_interrupt.o)
 .debug_ranges  0x00000438       0x28 /home/renderer/OMAR_PROGRAMMING/ThorDrive/ThorDrive_FW/app/Proto_V0/build/scons-release/modm/libmodm.a(clock.o)
 .debug_ranges  0x00000460       0x78 /home/renderer/OMAR_PROGRAMMING/ThorDrive/ThorDrive_FW/app/Proto_V0/build/scons-release/modm/libmodm.a(uart0_rx.o)
 .debug_ranges  0x000004d8       0x80 /home/renderer/OMAR_PROGRAMMING/ThorDrive/ThorDrive_FW/app/Proto_V0/build/scons-release/modm/libmodm.a(uart0_tx.o)

.debug_addr
 *(.debug_addr)

.debug_line_str
                0x00000000       0x71
 *(.debug_line_str)
 .debug_line_str
                0x00000000       0x71 /opt/avr-gcc/avr/lib/gcc/avr/14.2.0/avr5/libgcc.a(_mulsi3.o)
 .debug_line_str
                0x00000071       0x71 /opt/avr-gcc/avr/lib/gcc/avr/14.2.0/avr5/libgcc.a(_udivmodsi4.o)
 .debug_line_str
                0x00000071       0x71 /opt/avr-gcc/avr/lib/gcc/avr/14.2.0/avr5/libgcc.a(_exit.o)
 .debug_line_str
                0x00000071       0x71 /opt/avr-gcc/avr/lib/gcc/avr/14.2.0/avr5/libgcc.a(_copy_data.o)
 .debug_line_str
                0x00000071       0x71 /opt/avr-gcc/avr/lib/gcc/avr/14.2.0/avr5/libgcc.a(_clear_bss.o)
 .debug_line_str
                0x00000071       0x71 /opt/avr-gcc/avr/lib/gcc/avr/14.2.0/avr5/libgcc.a(_ctors.o)
 .debug_line_str
                0x00000071       0x71 /opt/avr-gcc/avr/lib/gcc/avr/14.2.0/avr5/libgcc.a(_muluhisi3.o)
 .debug_line_str
                0x00000071       0x71 /opt/avr-gcc/avr/lib/gcc/avr/14.2.0/avr5/libgcc.a(_tablejump2.o)
 .debug_line_str
                0x00000071       0x71 /opt/avr-gcc/avr/lib/gcc/avr/14.2.0/avr5/libgcc.a(_umulhisi3.o)
 .debug_line_str
                0x00000071       0x71 /opt/avr-gcc/avr/lib/gcc/avr/14.2.0/avr5/libgcc.a(_prologue.o)
 .debug_line_str
                0x00000071       0x71 /opt/avr-gcc/avr/lib/gcc/avr/14.2.0/avr5/libgcc.a(_epilogue.o)

.debug_loclists
 *(.debug_loclists)

.debug_macro    0x00000000     0x7e0b
 *(.debug_macro)
 .debug_macro   0x00000000      0x723 /home/renderer/OMAR_PROGRAMMING/ThorDrive/ThorDrive_FW/app/Proto_V0/build/scons-release/main.o
 .debug_macro   0x00000723      0xdde /home/renderer/OMAR_PROGRAMMING/ThorDrive/ThorDrive_FW/app/Proto_V0/build/scons-release/main.o
 .debug_macro   0x00001501       0x1c /home/renderer/OMAR_PROGRAMMING/ThorDrive/ThorDrive_FW/app/Proto_V0/build/scons-release/main.o
 .debug_macro   0x0000151d      0x1c9 /home/renderer/OMAR_PROGRAMMING/ThorDrive/ThorDrive_FW/app/Proto_V0/build/scons-release/main.o
 .debug_macro   0x000016e6       0x28 /home/renderer/OMAR_PROGRAMMING/ThorDrive/ThorDrive_FW/app/Proto_V0/build/scons-release/main.o
 .debug_macro   0x0000170e      0x438 /home/renderer/OMAR_PROGRAMMING/ThorDrive/ThorDrive_FW/app/Proto_V0/build/scons-release/main.o
 .debug_macro   0x00001b46      0x197 /home/renderer/OMAR_PROGRAMMING/ThorDrive/ThorDrive_FW/app/Proto_V0/build/scons-release/main.o
 .debug_macro   0x00001cdd       0x4f /home/renderer/OMAR_PROGRAMMING/ThorDrive/ThorDrive_FW/app/Proto_V0/build/scons-release/main.o
 .debug_macro   0x00001d2c      0x105 /home/renderer/OMAR_PROGRAMMING/ThorDrive/ThorDrive_FW/app/Proto_V0/build/scons-release/main.o
 .debug_macro   0x00001e31       0x58 /home/renderer/OMAR_PROGRAMMING/ThorDrive/ThorDrive_FW/app/Proto_V0/build/scons-release/main.o
 .debug_macro   0x00001e89      0x303 /home/renderer/OMAR_PROGRAMMING/ThorDrive/ThorDrive_FW/app/Proto_V0/build/scons-release/main.o
 .debug_macro   0x0000218c       0x94 /home/renderer/OMAR_PROGRAMMING/ThorDrive/ThorDrive_FW/app/Proto_V0/build/scons-release/main.o
 .debug_macro   0x00002220       0xc4 /home/renderer/OMAR_PROGRAMMING/ThorDrive/ThorDrive_FW/app/Proto_V0/build/scons-release/main.o
 .debug_macro   0x000022e4       0x1c /home/renderer/OMAR_PROGRAMMING/ThorDrive/ThorDrive_FW/app/Proto_V0/build/scons-release/main.o
 .debug_macro   0x00002300       0xfc /home/renderer/OMAR_PROGRAMMING/ThorDrive/ThorDrive_FW/app/Proto_V0/build/scons-release/main.o
 .debug_macro   0x000023fc       0x1c /home/renderer/OMAR_PROGRAMMING/ThorDrive/ThorDrive_FW/app/Proto_V0/build/scons-release/main.o
 .debug_macro   0x00002418       0x3c /home/renderer/OMAR_PROGRAMMING/ThorDrive/ThorDrive_FW/app/Proto_V0/build/scons-release/main.o
 .debug_macro   0x00002454       0x5f /home/renderer/OMAR_PROGRAMMING/ThorDrive/ThorDrive_FW/app/Proto_V0/build/scons-release/main.o
 .debug_macro   0x000024b3       0x2e /home/renderer/OMAR_PROGRAMMING/ThorDrive/ThorDrive_FW/app/Proto_V0/build/scons-release/main.o
 .debug_macro   0x000024e1       0x40 /home/renderer/OMAR_PROGRAMMING/ThorDrive/ThorDrive_FW/app/Proto_V0/build/scons-release/main.o
 .debug_macro   0x00002521       0x18 /home/renderer/OMAR_PROGRAMMING/ThorDrive/ThorDrive_FW/app/Proto_V0/build/scons-release/main.o
 .debug_macro   0x00002539       0x68 /home/renderer/OMAR_PROGRAMMING/ThorDrive/ThorDrive_FW/app/Proto_V0/build/scons-release/main.o
 .debug_macro   0x000025a1       0x10 /home/renderer/OMAR_PROGRAMMING/ThorDrive/ThorDrive_FW/app/Proto_V0/build/scons-release/main.o
 .debug_macro   0x000025b1       0x10 /home/renderer/OMAR_PROGRAMMING/ThorDrive/ThorDrive_FW/app/Proto_V0/build/scons-release/main.o
 .debug_macro   0x000025c1       0x90 /home/renderer/OMAR_PROGRAMMING/ThorDrive/ThorDrive_FW/app/Proto_V0/build/scons-release/main.o
 .debug_macro   0x00002651       0x10 /home/renderer/OMAR_PROGRAMMING/ThorDrive/ThorDrive_FW/app/Proto_V0/build/scons-release/main.o
 .debug_macro   0x00002661       0x10 /home/renderer/OMAR_PROGRAMMING/ThorDrive/ThorDrive_FW/app/Proto_V0/build/scons-release/main.o
 .debug_macro   0x00002671      0x483 /home/renderer/OMAR_PROGRAMMING/ThorDrive/ThorDrive_FW/app/Proto_V0/build/scons-release/main.o
 .debug_macro   0x00002af4       0x27 /home/renderer/OMAR_PROGRAMMING/ThorDrive/ThorDrive_FW/app/Proto_V0/build/scons-release/main.o
 .debug_macro   0x00002b1b       0x1c /home/renderer/OMAR_PROGRAMMING/ThorDrive/ThorDrive_FW/app/Proto_V0/build/scons-release/main.o
 .debug_macro   0x00002b37      0x1a5 /home/renderer/OMAR_PROGRAMMING/ThorDrive/ThorDrive_FW/app/Proto_V0/build/scons-release/main.o
 .debug_macro   0x00002cdc       0x10 /home/renderer/OMAR_PROGRAMMING/ThorDrive/ThorDrive_FW/app/Proto_V0/build/scons-release/main.o
 .debug_macro   0x00002cec       0x1f /home/renderer/OMAR_PROGRAMMING/ThorDrive/ThorDrive_FW/app/Proto_V0/build/scons-release/main.o
 .debug_macro   0x00002d0b       0x17 /home/renderer/OMAR_PROGRAMMING/ThorDrive/ThorDrive_FW/app/Proto_V0/build/scons-release/main.o
 .debug_macro   0x00002d22       0x10 /home/renderer/OMAR_PROGRAMMING/ThorDrive/ThorDrive_FW/app/Proto_V0/build/scons-release/main.o
 .debug_macro   0x00002d32       0x28 /home/renderer/OMAR_PROGRAMMING/ThorDrive/ThorDrive_FW/app/Proto_V0/build/scons-release/main.o
 .debug_macro   0x00002d5a       0x2e /home/renderer/OMAR_PROGRAMMING/ThorDrive/ThorDrive_FW/app/Proto_V0/build/scons-release/main.o
 .debug_macro   0x00002d88       0x16 /home/renderer/OMAR_PROGRAMMING/ThorDrive/ThorDrive_FW/app/Proto_V0/build/scons-release/main.o
 .debug_macro   0x00002d9e       0x18 /home/renderer/OMAR_PROGRAMMING/ThorDrive/ThorDrive_FW/app/Proto_V0/build/scons-release/main.o
 .debug_macro   0x00002db6       0x19 /home/renderer/OMAR_PROGRAMMING/ThorDrive/ThorDrive_FW/app/Proto_V0/build/scons-release/main.o
 .debug_macro   0x00002dcf       0x88 /home/renderer/OMAR_PROGRAMMING/ThorDrive/ThorDrive_FW/app/Proto_V0/build/scons-release/main.o
 .debug_macro   0x00002e57       0x19 /home/renderer/OMAR_PROGRAMMING/ThorDrive/ThorDrive_FW/app/Proto_V0/build/scons-release/main.o
 .debug_macro   0x00002e70      0x146 /home/renderer/OMAR_PROGRAMMING/ThorDrive/ThorDrive_FW/app/Proto_V0/build/scons-release/main.o
 .debug_macro   0x00002fb6       0x11 /home/renderer/OMAR_PROGRAMMING/ThorDrive/ThorDrive_FW/app/Proto_V0/build/scons-release/main.o
 .debug_macro   0x00002fc7       0x11 /home/renderer/OMAR_PROGRAMMING/ThorDrive/ThorDrive_FW/app/Proto_V0/build/scons-release/main.o
 .debug_macro   0x00002fd8       0x12 /home/renderer/OMAR_PROGRAMMING/ThorDrive/ThorDrive_FW/app/Proto_V0/build/scons-release/main.o
 .debug_macro   0x00002fea       0x17 /home/renderer/OMAR_PROGRAMMING/ThorDrive/ThorDrive_FW/app/Proto_V0/build/scons-release/main.o
 .debug_macro   0x00003001       0x10 /home/renderer/OMAR_PROGRAMMING/ThorDrive/ThorDrive_FW/app/Proto_V0/build/scons-release/main.o
 .debug_macro   0x00003011       0xaa /home/renderer/OMAR_PROGRAMMING/ThorDrive/ThorDrive_FW/app/Proto_V0/build/scons-release/main.o
 .debug_macro   0x000030bb     0x1410 /home/renderer/OMAR_PROGRAMMING/ThorDrive/ThorDrive_FW/app/Proto_V0/build/scons-release/main.o
 .debug_macro   0x000044cb      0x13a /home/renderer/OMAR_PROGRAMMING/ThorDrive/ThorDrive_FW/app/Proto_V0/build/scons-release/main.o
 .debug_macro   0x00004605       0xbd /home/renderer/OMAR_PROGRAMMING/ThorDrive/ThorDrive_FW/app/Proto_V0/build/scons-release/main.o
 .debug_macro   0x000046c2       0x34 /home/renderer/OMAR_PROGRAMMING/ThorDrive/ThorDrive_FW/app/Proto_V0/build/scons-release/main.o
 .debug_macro   0x000046f6       0x18 /home/renderer/OMAR_PROGRAMMING/ThorDrive/ThorDrive_FW/app/Proto_V0/build/scons-release/main.o
 .debug_macro   0x0000470e       0x6c /home/renderer/OMAR_PROGRAMMING/ThorDrive/ThorDrive_FW/app/Proto_V0/build/scons-release/main.o
 .debug_macro   0x0000477a      0x16d /home/renderer/OMAR_PROGRAMMING/ThorDrive/ThorDrive_FW/app/Proto_V0/build/scons-release/main.o
 .debug_macro   0x000048e7       0x22 /home/renderer/OMAR_PROGRAMMING/ThorDrive/ThorDrive_FW/app/Proto_V0/build/scons-release/main.o
 .debug_macro   0x00004909       0x16 /home/renderer/OMAR_PROGRAMMING/ThorDrive/ThorDrive_FW/app/Proto_V0/build/scons-release/main.o
 .debug_macro   0x0000491f       0x10 /home/renderer/OMAR_PROGRAMMING/ThorDrive/ThorDrive_FW/app/Proto_V0/build/scons-release/main.o
 .debug_macro   0x0000492f       0x16 /home/renderer/OMAR_PROGRAMMING/ThorDrive/ThorDrive_FW/app/Proto_V0/build/scons-release/main.o
 .debug_macro   0x00004945       0x40 /home/renderer/OMAR_PROGRAMMING/ThorDrive/ThorDrive_FW/app/Proto_V0/build/scons-release/main.o
 .debug_macro   0x00004985       0x3c /home/renderer/OMAR_PROGRAMMING/ThorDrive/ThorDrive_FW/app/Proto_V0/build/scons-release/main.o
 .debug_macro   0x000049c1       0x7c /home/renderer/OMAR_PROGRAMMING/ThorDrive/ThorDrive_FW/app/Proto_V0/build/scons-release/main.o
 .debug_macro   0x00004a3d       0x10 /home/renderer/OMAR_PROGRAMMING/ThorDrive/ThorDrive_FW/app/Proto_V0/build/scons-release/main.o
 .debug_macro   0x00004a4d       0x35 /home/renderer/OMAR_PROGRAMMING/ThorDrive/ThorDrive_FW/app/Proto_V0/build/scons-release/main.o
 .debug_macro   0x00004a82       0x22 /home/renderer/OMAR_PROGRAMMING/ThorDrive/ThorDrive_FW/app/Proto_V0/build/scons-release/main.o
 .debug_macro   0x00004aa4       0xf0 /home/renderer/OMAR_PROGRAMMING/ThorDrive/ThorDrive_FW/app/Proto_V0/build/scons-release/main.o
 .debug_macro   0x00004b94       0x11 /home/renderer/OMAR_PROGRAMMING/ThorDrive/ThorDrive_FW/app/Proto_V0/build/scons-release/main.o
 .debug_macro   0x00004ba5       0x12 /home/renderer/OMAR_PROGRAMMING/ThorDrive/ThorDrive_FW/app/Proto_V0/build/scons-release/main.o
 .debug_macro   0x00004bb7       0x10 /home/renderer/OMAR_PROGRAMMING/ThorDrive/ThorDrive_FW/app/Proto_V0/build/scons-release/main.o
 .debug_macro   0x00004bc7       0x11 /home/renderer/OMAR_PROGRAMMING/ThorDrive/ThorDrive_FW/app/Proto_V0/build/scons-release/main.o
 .debug_macro   0x00004bd8       0x1c /home/renderer/OMAR_PROGRAMMING/ThorDrive/ThorDrive_FW/app/Proto_V0/build/scons-release/main.o
 .debug_macro   0x00004bf4       0x11 /home/renderer/OMAR_PROGRAMMING/ThorDrive/ThorDrive_FW/app/Proto_V0/build/scons-release/main.o
 .debug_macro   0x00004c05       0x1f /home/renderer/OMAR_PROGRAMMING/ThorDrive/ThorDrive_FW/app/Proto_V0/build/scons-release/main.o
 .debug_macro   0x00004c24       0x1c /home/renderer/OMAR_PROGRAMMING/ThorDrive/ThorDrive_FW/app/Proto_V0/build/scons-release/main.o
 .debug_macro   0x00004c40       0x16 /home/renderer/OMAR_PROGRAMMING/ThorDrive/ThorDrive_FW/app/Proto_V0/build/scons-release/main.o
 .debug_macro   0x00004c56       0xf2 /home/renderer/OMAR_PROGRAMMING/ThorDrive/ThorDrive_FW/app/Proto_V0/build/scons-release/main.o
 .debug_macro   0x00004d48      0x11d /home/renderer/OMAR_PROGRAMMING/ThorDrive/ThorDrive_FW/app/Proto_V0/build/scons-release/main.o
 .debug_macro   0x00004e65       0x16 /home/renderer/OMAR_PROGRAMMING/ThorDrive/ThorDrive_FW/app/Proto_V0/build/scons-release/main.o
 .debug_macro   0x00004e7b       0x16 /home/renderer/OMAR_PROGRAMMING/ThorDrive/ThorDrive_FW/app/Proto_V0/build/scons-release/main.o
 .debug_macro   0x00004e91       0x8e /home/renderer/OMAR_PROGRAMMING/ThorDrive/ThorDrive_FW/app/Proto_V0/build/scons-release/main.o
 .debug_macro   0x00004f1f       0x30 /home/renderer/OMAR_PROGRAMMING/ThorDrive/ThorDrive_FW/app/Proto_V0/build/scons-release/main.o
 .debug_macro   0x00004f4f       0xd0 /home/renderer/OMAR_PROGRAMMING/ThorDrive/ThorDrive_FW/app/Proto_V0/build/scons-release/main.o
 .debug_macro   0x0000501f       0xc4 /home/renderer/OMAR_PROGRAMMING/ThorDrive/ThorDrive_FW/app/Proto_V0/build/scons-release/main.o
 .debug_macro   0x000050e3       0x22 /home/renderer/OMAR_PROGRAMMING/ThorDrive/ThorDrive_FW/app/Proto_V0/build/scons-release/main.o
 .debug_macro   0x00005105      0x67e /home/renderer/OMAR_PROGRAMMING/ThorDrive/ThorDrive_FW/app/Proto_V0/build/scons-release/module/module_halBind.o
 .debug_macro   0x00005783       0x9a /home/renderer/OMAR_PROGRAMMING/ThorDrive/ThorDrive_FW/app/Proto_V0/build/scons-release/module/pmsmTrapCom.o
 .debug_macro   0x0000581d       0x9e /home/renderer/OMAR_PROGRAMMING/ThorDrive/ThorDrive_FW/app/Proto_V0/build/scons-release/module/pmsmTrapCom.o
 .debug_macro   0x000058bb      0x11c /home/renderer/OMAR_PROGRAMMING/ThorDrive/ThorDrive_FW/app/Proto_V0/build/scons-release/module/pmsmTrapCom.o
 .debug_macro   0x000059d7       0x53 /home/renderer/OMAR_PROGRAMMING/ThorDrive/ThorDrive_FW/app/Proto_V0/build/scons-release/module/pmsmTrapCom.o
 .debug_macro   0x00005a2a      0x67a /home/renderer/OMAR_PROGRAMMING/ThorDrive/ThorDrive_FW/app/Proto_V0/build/scons-release/module/pmsmTrapCom_halBind.o
 .debug_macro   0x000060a4      0x378 /home/renderer/OMAR_PROGRAMMING/ThorDrive/ThorDrive_FW/app/Proto_V0/build/scons-release/modm/libmodm.a(new_delete.o)
 .debug_macro   0x0000641c       0x34 /home/renderer/OMAR_PROGRAMMING/ThorDrive/ThorDrive_FW/app/Proto_V0/build/scons-release/modm/libmodm.a(new_delete.o)
 .debug_macro   0x00006450       0x2b /home/renderer/OMAR_PROGRAMMING/ThorDrive/ThorDrive_FW/app/Proto_V0/build/scons-release/modm/libmodm.a(new_delete.o)
 .debug_macro   0x0000647b      0x351 /home/renderer/OMAR_PROGRAMMING/ThorDrive/ThorDrive_FW/app/Proto_V0/build/scons-release/modm/libmodm.a(iostream.o)
 .debug_macro   0x000067cc      0x2fd /home/renderer/OMAR_PROGRAMMING/ThorDrive/ThorDrive_FW/app/Proto_V0/build/scons-release/modm/libmodm.a(iostream.o)
 .debug_macro   0x00006ac9      0x377 /home/renderer/OMAR_PROGRAMMING/ThorDrive/ThorDrive_FW/app/Proto_V0/build/scons-release/modm/libmodm.a(iostream_printf.o)
 .debug_macro   0x00006e40       0x10 /home/renderer/OMAR_PROGRAMMING/ThorDrive/ThorDrive_FW/app/Proto_V0/build/scons-release/modm/libmodm.a(iostream_printf.o)
 .debug_macro   0x00006e50       0x9e /home/renderer/OMAR_PROGRAMMING/ThorDrive/ThorDrive_FW/app/Proto_V0/build/scons-release/modm/libmodm.a(iostream_printf.o)
 .debug_macro   0x00006eee      0x4bc /home/renderer/OMAR_PROGRAMMING/ThorDrive/ThorDrive_FW/app/Proto_V0/build/scons-release/modm/libmodm.a(adc_interrupt.o)
 .debug_macro   0x000073aa       0x10 /home/renderer/OMAR_PROGRAMMING/ThorDrive/ThorDrive_FW/app/Proto_V0/build/scons-release/modm/libmodm.a(adc_interrupt.o)
 .debug_macro   0x000073ba      0x1b3 /home/renderer/OMAR_PROGRAMMING/ThorDrive/ThorDrive_FW/app/Proto_V0/build/scons-release/modm/libmodm.a(clock.o)
 .debug_macro   0x0000756d      0x44f /home/renderer/OMAR_PROGRAMMING/ThorDrive/ThorDrive_FW/app/Proto_V0/build/scons-release/modm/libmodm.a(uart0_rx.o)
 .debug_macro   0x000079bc      0x44f /home/renderer/OMAR_PROGRAMMING/ThorDrive/ThorDrive_FW/app/Proto_V0/build/scons-release/modm/libmodm.a(uart0_tx.o)

.debug_names
 *(.debug_names)

.debug_rnglists
 *(.debug_rnglists)

.debug_str_offsets
 *(.debug_str_offsets)

.debug_sup
 *(.debug_sup)
OUTPUT(/home/renderer/OMAR_PROGRAMMING/ThorDrive/ThorDrive_FW/app/Proto_V0/build/scons-release/PROTO_V0.1Atmega328.elf elf32-avr)
LOAD linker stubs

Cross Reference Table

Symbol                                            File
TimPwm<1>::init(unsigned long)                    /home/renderer/OMAR_PROGRAMMING/ThorDrive/ThorDrive_FW/app/Proto_V0/build/scons-release/module/pmsmTrapCom_halBind.o
__DATA_REGION_LENGTH__                            /opt/avr-gcc/avr/lib/gcc/avr/14.2.0/../../../../../avr/lib/avr5/crtatmega328p.o
__DATA_REGION_ORIGIN__                            /opt/avr-gcc/avr/lib/gcc/avr/14.2.0/../../../../../avr/lib/avr5/crtatmega328p.o
__EEPROM_REGION_LENGTH__                          /opt/avr-gcc/avr/lib/gcc/avr/14.2.0/../../../../../avr/lib/avr5/crtatmega328p.o
__FUSE_REGION_LENGTH__                            /opt/avr-gcc/avr/lib/gcc/avr/14.2.0/../../../../../avr/lib/avr5/crtatmega328p.o
__TEXT_REGION_LENGTH__                            /opt/avr-gcc/avr/lib/gcc/avr/14.2.0/../../../../../avr/lib/avr5/crtatmega328p.o
__TEXT_REGION_ORIGIN__                            /opt/avr-gcc/avr/lib/gcc/avr/14.2.0/../../../../../avr/lib/avr5/crtatmega328p.o
__add                                             /opt/avr-gcc/avr/lib/gcc/avr/14.2.0/avr5/libgcc.a(f7_asm_D_add.o)
__adddf3                                          /opt/avr-gcc/avr/lib/gcc/avr/14.2.0/avr5/libgcc.a(f7_asm_D_add.o)
                                                  /home/renderer/OMAR_PROGRAMMING/ThorDrive/ThorDrive_FW/app/Proto_V0/build/scons-release/modm/libmodm.a(hashtable_c++0x.o)
__adddi3                                          /opt/avr-gcc/avr/lib/gcc/avr/14.2.0/avr5/libgcc.a(_adddi3.o)
                                                  /opt/avr-gcc/avr/lib/gcc/avr/14.2.0/avr5/libgcc.a(f7_asm_addsub_mant_scaled.o)
                                                  /home/renderer/OMAR_PROGRAMMING/ThorDrive/ThorDrive_FW/app/Proto_V0/build/scons-release/modm/libmodm.a(atomic.o)
__adddi3_s8                                       /opt/avr-gcc/avr/lib/gcc/avr/14.2.0/avr5/libgcc.a(_adddi3_s8.o)
                                                  /opt/avr-gcc/avr/lib/gcc/avr/14.2.0/avr5/libgcc.a(f7_c_get_double.o)
__addsf3                                          /opt/avr-gcc/avr/lib/gcc/avr/14.2.0/../../../../../avr/lib/avr5/libm.a(addsf3.o)
                                                  /home/renderer/OMAR_PROGRAMMING/ThorDrive/ThorDrive_FW/app/Proto_V0/build/scons-release/module/systemCtrl.o
__addsf3x                                         /opt/avr-gcc/avr/lib/gcc/avr/14.2.0/../../../../../avr/lib/avr5/libm.a(addsf3x.o)
                                                  /opt/avr-gcc/avr/lib/gcc/avr/14.2.0/../../../../../avr/lib/avr5/libm.a(addsf3.o)
__ashldi3                                         /opt/avr-gcc/avr/lib/gcc/avr/14.2.0/avr5/libgcc.a(_ashldi3.o)
                                                  /opt/avr-gcc/avr/lib/gcc/avr/14.2.0/avr5/libgcc.a(f7_asm_addsub_mant_scaled.o)
__ashrdi3                                         /opt/avr-gcc/avr/lib/gcc/avr/14.2.0/avr5/libgcc.a(_ashrdi3.o)
__assertion_table_end                             /home/renderer/OMAR_PROGRAMMING/ThorDrive/ThorDrive_FW/app/Proto_V0/build/scons-release/modm/libmodm.a(assert.o)
__assertion_table_start                           /home/renderer/OMAR_PROGRAMMING/ThorDrive/ThorDrive_FW/app/Proto_V0/build/scons-release/modm/libmodm.a(assert.o)
__atomic_compare_exchange                         /home/renderer/OMAR_PROGRAMMING/ThorDrive/ThorDrive_FW/app/Proto_V0/build/scons-release/modm/libmodm.a(atomic.o)
__atomic_exchange                                 /home/renderer/OMAR_PROGRAMMING/ThorDrive/ThorDrive_FW/app/Proto_V0/build/scons-release/modm/libmodm.a(atomic.o)
__atomic_fetch_add_1                              /home/renderer/OMAR_PROGRAMMING/ThorDrive/ThorDrive_FW/app/Proto_V0/build/scons-release/modm/libmodm.a(atomic.o)
__atomic_fetch_add_2                              /home/renderer/OMAR_PROGRAMMING/ThorDrive/ThorDrive_FW/app/Proto_V0/build/scons-release/modm/libmodm.a(atomic.o)
__atomic_fetch_add_4                              /home/renderer/OMAR_PROGRAMMING/ThorDrive/ThorDrive_FW/app/Proto_V0/build/scons-release/modm/libmodm.a(atomic.o)
__atomic_fetch_add_8                              /home/renderer/OMAR_PROGRAMMING/ThorDrive/ThorDrive_FW/app/Proto_V0/build/scons-release/modm/libmodm.a(atomic.o)
__atomic_fetch_sub_1                              /home/renderer/OMAR_PROGRAMMING/ThorDrive/ThorDrive_FW/app/Proto_V0/build/scons-release/modm/libmodm.a(atomic.o)
__atomic_fetch_sub_2                              /home/renderer/OMAR_PROGRAMMING/ThorDrive/ThorDrive_FW/app/Proto_V0/build/scons-release/modm/libmodm.a(atomic.o)
__atomic_fetch_sub_4                              /home/renderer/OMAR_PROGRAMMING/ThorDrive/ThorDrive_FW/app/Proto_V0/build/scons-release/modm/libmodm.a(atomic.o)
__atomic_fetch_sub_8                              /home/renderer/OMAR_PROGRAMMING/ThorDrive/ThorDrive_FW/app/Proto_V0/build/scons-release/modm/libmodm.a(atomic.o)
__atomic_load                                     /home/renderer/OMAR_PROGRAMMING/ThorDrive/ThorDrive_FW/app/Proto_V0/build/scons-release/modm/libmodm.a(atomic.o)
__atomic_store                                    /home/renderer/OMAR_PROGRAMMING/ThorDrive/ThorDrive_FW/app/Proto_V0/build/scons-release/modm/libmodm.a(atomic.o)
__atomic_test_and_set                             /home/renderer/OMAR_PROGRAMMING/ThorDrive/ThorDrive_FW/app/Proto_V0/build/scons-release/modm/libmodm.a(atomic.o)
__bad_interrupt                                   /opt/avr-gcc/avr/lib/gcc/avr/14.2.0/../../../../../avr/lib/avr5/crtatmega328p.o
__brkval                                          /opt/avr-gcc/avr/lib/gcc/avr/14.2.0/../../../../../avr/lib/avr5/libc.a(malloc.o)
__bss_end                                         /opt/avr-gcc/avr/lib/gcc/avr/14.2.0/avr5/libgcc.a(_clear_bss.o)
__bss_start                                       /opt/avr-gcc/avr/lib/gcc/avr/14.2.0/avr5/libgcc.a(_clear_bss.o)
__clr_8                                           /opt/avr-gcc/avr/lib/gcc/avr/14.2.0/avr5/libgcc.a(_clr_8.o)
                                                  /opt/avr-gcc/avr/lib/gcc/avr/14.2.0/avr5/libgcc.a(f7_asm_normalize_with_carry.o)
                                                  /opt/avr-gcc/avr/lib/gcc/avr/14.2.0/avr5/libgcc.a(f7_c_get_double.o)
                                                  /opt/avr-gcc/avr/lib/gcc/avr/14.2.0/avr5/libgcc.a(f7_asm_to_unsigned.o)
__cmpdi2_s8                                       /opt/avr-gcc/avr/lib/gcc/avr/14.2.0/avr5/libgcc.a(_cmpdi2_s8.o)
                                                  /opt/avr-gcc/avr/lib/gcc/avr/14.2.0/avr5/libgcc.a(f7_c_set_double.o)
__cmpsf2                                          /opt/avr-gcc/avr/lib/gcc/avr/14.2.0/../../../../../avr/lib/avr5/libm.a(cmpsf2.o)
__ctors_end                                       /opt/avr-gcc/avr/lib/gcc/avr/14.2.0/avr5/libgcc.a(_ctors.o)
__ctors_start                                     /opt/avr-gcc/avr/lib/gcc/avr/14.2.0/avr5/libgcc.a(_ctors.o)
__cxa_deleted_virtual                             /home/renderer/OMAR_PROGRAMMING/ThorDrive/ThorDrive_FW/app/Proto_V0/build/scons-release/modm/libmodm.a(cxxabi.o)
__cxa_guard_abort                                 /home/renderer/OMAR_PROGRAMMING/ThorDrive/ThorDrive_FW/app/Proto_V0/build/scons-release/modm/libmodm.a(cxxabi.o)
__cxa_guard_acquire                               /home/renderer/OMAR_PROGRAMMING/ThorDrive/ThorDrive_FW/app/Proto_V0/build/scons-release/modm/libmodm.a(cxxabi.o)
__cxa_guard_release                               /home/renderer/OMAR_PROGRAMMING/ThorDrive/ThorDrive_FW/app/Proto_V0/build/scons-release/modm/libmodm.a(cxxabi.o)
__cxa_pure_virtual                                /home/renderer/OMAR_PROGRAMMING/ThorDrive/ThorDrive_FW/app/Proto_V0/build/scons-release/modm/libmodm.a(cxxabi.o)
__data_end                                        /opt/avr-gcc/avr/lib/gcc/avr/14.2.0/avr5/libgcc.a(_copy_data.o)
__data_load_start                                 /opt/avr-gcc/avr/lib/gcc/avr/14.2.0/avr5/libgcc.a(_copy_data.o)
__data_start                                      /opt/avr-gcc/avr/lib/gcc/avr/14.2.0/avr5/libgcc.a(_copy_data.o)
__div                                             /opt/avr-gcc/avr/lib/gcc/avr/14.2.0/avr5/libgcc.a(f7_asm_D_div.o)
__divdf3                                          /opt/avr-gcc/avr/lib/gcc/avr/14.2.0/avr5/libgcc.a(f7_asm_D_div.o)
                                                  /home/renderer/OMAR_PROGRAMMING/ThorDrive/ThorDrive_FW/app/Proto_V0/build/scons-release/modm/libmodm.a(hashtable_c++0x.o)
__divsf3                                          /opt/avr-gcc/avr/lib/gcc/avr/14.2.0/../../../../../avr/lib/avr5/libm.a(divsf3.o)
                                                  /home/renderer/OMAR_PROGRAMMING/ThorDrive/ThorDrive_FW/app/Proto_V0/build/scons-release/module/systemCtrl.o
__divsf3_pse                                      /opt/avr-gcc/avr/lib/gcc/avr/14.2.0/../../../../../avr/lib/avr5/libm.a(divsf3x.o)
__divsf3x                                         /opt/avr-gcc/avr/lib/gcc/avr/14.2.0/../../../../../avr/lib/avr5/libm.a(divsf3x.o)
                                                  /opt/avr-gcc/avr/lib/gcc/avr/14.2.0/../../../../../avr/lib/avr5/libm.a(divsf3.o)
__do_clear_bss                                    /opt/avr-gcc/avr/lib/gcc/avr/14.2.0/avr5/libgcc.a(_clear_bss.o)
                                                  /opt/avr-gcc/avr/lib/gcc/avr/14.2.0/../../../../../avr/lib/avr5/libc.a(malloc.o)
                                                  /home/renderer/OMAR_PROGRAMMING/ThorDrive/ThorDrive_FW/app/Proto_V0/build/scons-release/modm/libmodm.a(uart0_tx.o)
                                                  /home/renderer/OMAR_PROGRAMMING/ThorDrive/ThorDrive_FW/app/Proto_V0/build/scons-release/modm/libmodm.a(uart0_rx.o)
                                                  /home/renderer/OMAR_PROGRAMMING/ThorDrive/ThorDrive_FW/app/Proto_V0/build/scons-release/modm/libmodm.a(clock.o)
                                                  /home/renderer/OMAR_PROGRAMMING/ThorDrive/ThorDrive_FW/app/Proto_V0/build/scons-release/modm/libmodm.a(new_handler.o)
                                                  /home/renderer/OMAR_PROGRAMMING/ThorDrive/ThorDrive_FW/app/Proto_V0/build/scons-release/main.o
__do_copy_data                                    /opt/avr-gcc/avr/lib/gcc/avr/14.2.0/avr5/libgcc.a(_copy_data.o)
                                                  /opt/avr-gcc/avr/lib/gcc/avr/14.2.0/../../../../../avr/lib/avr5/libc.a(malloc.o)
                                                  /home/renderer/OMAR_PROGRAMMING/ThorDrive/ThorDrive_FW/app/Proto_V0/build/scons-release/modm/libmodm.a(adc_interrupt.o)
                                                  /home/renderer/OMAR_PROGRAMMING/ThorDrive/ThorDrive_FW/app/Proto_V0/build/scons-release/modm/libmodm.a(new_handler.o)
                                                  /home/renderer/OMAR_PROGRAMMING/ThorDrive/ThorDrive_FW/app/Proto_V0/build/scons-release/modm/libmodm.a(limits.o)
                                                  /home/renderer/OMAR_PROGRAMMING/ThorDrive/ThorDrive_FW/app/Proto_V0/build/scons-release/modm/libmodm.a(hashtable_c++0x.o)
                                                  /home/renderer/OMAR_PROGRAMMING/ThorDrive/ThorDrive_FW/app/Proto_V0/build/scons-release/modm/libmodm.a(cxxabi.o)
                                                  /home/renderer/OMAR_PROGRAMMING/ThorDrive/ThorDrive_FW/app/Proto_V0/build/scons-release/module/pmsmTrapCom_halBind.o
                                                  /home/renderer/OMAR_PROGRAMMING/ThorDrive/ThorDrive_FW/app/Proto_V0/build/scons-release/module/module_halBind.o
                                                  /home/renderer/OMAR_PROGRAMMING/ThorDrive/ThorDrive_FW/app/Proto_V0/build/scons-release/main.o
__do_global_ctors                                 /opt/avr-gcc/avr/lib/gcc/avr/14.2.0/avr5/libgcc.a(_ctors.o)
                                                  /home/renderer/OMAR_PROGRAMMING/ThorDrive/ThorDrive_FW/app/Proto_V0/build/scons-release/modm/libmodm.a(uart0_tx.o)
                                                  /home/renderer/OMAR_PROGRAMMING/ThorDrive/ThorDrive_FW/app/Proto_V0/build/scons-release/modm/libmodm.a(uart0_rx.o)
                                                  /home/renderer/OMAR_PROGRAMMING/ThorDrive/ThorDrive_FW/app/Proto_V0/build/scons-release/main.o
__dso_handle                                      /home/renderer/OMAR_PROGRAMMING/ThorDrive/ThorDrive_FW/app/Proto_V0/build/scons-release/modm/libmodm.a(cxxabi.o)
__epilogue_restores__                             /opt/avr-gcc/avr/lib/gcc/avr/14.2.0/avr5/libgcc.a(_epilogue.o)
                                                  /opt/avr-gcc/avr/lib/gcc/avr/14.2.0/../../../../../avr/lib/avr5/libc.a(vfprintf_std.o)
                                                  /opt/avr-gcc/avr/lib/gcc/avr/14.2.0/../../../../../avr/lib/avr5/libc.a(sprintf.o)
                                                  /opt/avr-gcc/avr/lib/gcc/avr/14.2.0/avr5/libgcc.a(f7_asm_div.o)
                                                  /opt/avr-gcc/avr/lib/gcc/avr/14.2.0/avr5/libgcc.a(f7_asm_addsub_mant_scaled.o)
                                                  /opt/avr-gcc/avr/lib/gcc/avr/14.2.0/avr5/libgcc.a(f7_asm_mul_mant.o)
                                                  /opt/avr-gcc/avr/lib/gcc/avr/14.2.0/avr5/libgcc.a(f7_c_get_double.o)
                                                  /opt/avr-gcc/avr/lib/gcc/avr/14.2.0/avr5/libgcc.a(f7_c_divx.o)
                                                  /opt/avr-gcc/avr/lib/gcc/avr/14.2.0/avr5/libgcc.a(f7_asm_call_ddd.o)
                                                  /opt/avr-gcc/avr/lib/gcc/avr/14.2.0/avr5/libgcc.a(f7_asm_call_dd.o)
__eqsf2                                           /opt/avr-gcc/avr/lib/gcc/avr/14.2.0/../../../../../avr/lib/avr5/libm.a(cmpsf2.o)
__extendsfdf2                                     /opt/avr-gcc/avr/lib/gcc/avr/14.2.0/avr5/libgcc.a(f7_asm_D_extendsfdf2.o)
                                                  /home/renderer/OMAR_PROGRAMMING/ThorDrive/ThorDrive_FW/app/Proto_V0/build/scons-release/modm/libmodm.a(hashtable_c++0x.o)
__f7_Isub                                         /opt/avr-gcc/avr/lib/gcc/avr/14.2.0/avr5/libgcc.a(f7_c_Isub.o)
                                                  /opt/avr-gcc/avr/lib/gcc/avr/14.2.0/avr5/libgcc.a(f7_c_truncx.o)
__f7_add                                          /opt/avr-gcc/avr/lib/gcc/avr/14.2.0/avr5/libgcc.a(f7_c_add.o)
                                                  /opt/avr-gcc/avr/lib/gcc/avr/14.2.0/avr5/libgcc.a(f7_asm_D_add.o)
__f7_addsub                                       /opt/avr-gcc/avr/lib/gcc/avr/14.2.0/avr5/libgcc.a(f7_c_addsub.o)
                                                  /opt/avr-gcc/avr/lib/gcc/avr/14.2.0/avr5/libgcc.a(f7_c_sub.o)
                                                  /opt/avr-gcc/avr/lib/gcc/avr/14.2.0/avr5/libgcc.a(f7_c_add.o)
__f7_addsub_mant_scaled_asm                       /opt/avr-gcc/avr/lib/gcc/avr/14.2.0/avr5/libgcc.a(f7_asm_addsub_mant_scaled.o)
                                                  /opt/avr-gcc/avr/lib/gcc/avr/14.2.0/avr5/libgcc.a(f7_c_addsub.o)
__f7_ashldi3_asm                                  /opt/avr-gcc/avr/lib/gcc/avr/14.2.0/avr5/libgcc.a(f7_asm_addsub_mant_scaled.o)
                                                  /opt/avr-gcc/avr/lib/gcc/avr/14.2.0/avr5/libgcc.a(f7_asm_normalize_with_carry.o)
                                                  /opt/avr-gcc/avr/lib/gcc/avr/14.2.0/avr5/libgcc.a(f7_asm_clr_mant_lsbs.o)
__f7_call_dd_asm                                  /opt/avr-gcc/avr/lib/gcc/avr/14.2.0/avr5/libgcc.a(f7_asm_call_dd.o)
                                                  /opt/avr-gcc/avr/lib/gcc/avr/14.2.0/avr5/libgcc.a(f7_asm_D_floor.o)
__f7_call_ddd_asm                                 /opt/avr-gcc/avr/lib/gcc/avr/14.2.0/avr5/libgcc.a(f7_asm_call_ddd.o)
                                                  /opt/avr-gcc/avr/lib/gcc/avr/14.2.0/avr5/libgcc.a(f7_asm_D_div.o)
                                                  /opt/avr-gcc/avr/lib/gcc/avr/14.2.0/avr5/libgcc.a(f7_asm_D_mul.o)
                                                  /opt/avr-gcc/avr/lib/gcc/avr/14.2.0/avr5/libgcc.a(f7_asm_D_add.o)
__f7_call_ddx_asm                                 /opt/avr-gcc/avr/lib/gcc/avr/14.2.0/avr5/libgcc.a(f7_asm_call_dd.o)
__f7_call_dx_asm                                  /opt/avr-gcc/avr/lib/gcc/avr/14.2.0/avr5/libgcc.a(f7_asm_call_dd.o)
                                                  /opt/avr-gcc/avr/lib/gcc/avr/14.2.0/avr5/libgcc.a(f7_asm_D_extendsfdf2.o)
                                                  /opt/avr-gcc/avr/lib/gcc/avr/14.2.0/avr5/libgcc.a(f7_asm_D_floatsidf.o)
                                                  /opt/avr-gcc/avr/lib/gcc/avr/14.2.0/avr5/libgcc.a(f7_asm_D_floatunsidf.o)
__f7_call_xd_asm                                  /opt/avr-gcc/avr/lib/gcc/avr/14.2.0/avr5/libgcc.a(f7_asm_call_dd.o)
                                                  /opt/avr-gcc/avr/lib/gcc/avr/14.2.0/avr5/libgcc.a(f7_asm_D_fixunsdfsi.o)
__f7_call_xdd_asm                                 /opt/avr-gcc/avr/lib/gcc/avr/14.2.0/avr5/libgcc.a(f7_asm_call_ddd.o)
                                                  /opt/avr-gcc/avr/lib/gcc/avr/14.2.0/avr5/libgcc.a(f7_asm_D_le.o)
__f7_classify_asm                                 /opt/avr-gcc/avr/lib/gcc/avr/14.2.0/avr5/libgcc.a(f7_asm_classify.o)
                                                  /opt/avr-gcc/avr/lib/gcc/avr/14.2.0/avr5/libgcc.a(f7_c_cmp_unordered.o)
                                                  /opt/avr-gcc/avr/lib/gcc/avr/14.2.0/avr5/libgcc.a(f7_c_truncx.o)
                                                  /opt/avr-gcc/avr/lib/gcc/avr/14.2.0/avr5/libgcc.a(f7_c_get_double.o)
                                                  /opt/avr-gcc/avr/lib/gcc/avr/14.2.0/avr5/libgcc.a(f7_c_divx.o)
                                                  /opt/avr-gcc/avr/lib/gcc/avr/14.2.0/avr5/libgcc.a(f7_c_mulx.o)
                                                  /opt/avr-gcc/avr/lib/gcc/avr/14.2.0/avr5/libgcc.a(f7_c_addsub.o)
__f7_clr_asm                                      /opt/avr-gcc/avr/lib/gcc/avr/14.2.0/avr5/libgcc.a(f7_asm_clr.o)
                                                  /opt/avr-gcc/avr/lib/gcc/avr/14.2.0/avr5/libgcc.a(f7_asm_store_expo.o)
                                                  /opt/avr-gcc/avr/lib/gcc/avr/14.2.0/avr5/libgcc.a(f7_asm_addsub_mant_scaled.o)
                                                  /opt/avr-gcc/avr/lib/gcc/avr/14.2.0/avr5/libgcc.a(f7_c_truncx.o)
                                                  /opt/avr-gcc/avr/lib/gcc/avr/14.2.0/avr5/libgcc.a(f7_c_set_double.o)
                                                  /opt/avr-gcc/avr/lib/gcc/avr/14.2.0/avr5/libgcc.a(f7_c_divx.o)
                                                  /opt/avr-gcc/avr/lib/gcc/avr/14.2.0/avr5/libgcc.a(f7_c_mulx.o)
                                                  /opt/avr-gcc/avr/lib/gcc/avr/14.2.0/avr5/libgcc.a(f7_c_set_float.o)
                                                  /opt/avr-gcc/avr/lib/gcc/avr/14.2.0/avr5/libgcc.a(f7_c_set_u32.o)
__f7_clr_mant_lsbs_asm                            /opt/avr-gcc/avr/lib/gcc/avr/14.2.0/avr5/libgcc.a(f7_asm_clr_mant_lsbs.o)
                                                  /opt/avr-gcc/avr/lib/gcc/avr/14.2.0/avr5/libgcc.a(f7_c_truncx.o)
__f7_clzdi2_asm                                   /opt/avr-gcc/avr/lib/gcc/avr/14.2.0/avr5/libgcc.a(f7_asm_clz.o)
                                                  /opt/avr-gcc/avr/lib/gcc/avr/14.2.0/avr5/libgcc.a(f7_asm_normalize_with_carry.o)
__f7_cmp                                          /opt/avr-gcc/avr/lib/gcc/avr/14.2.0/avr5/libgcc.a(f7_c_cmp.o)
                                                  /opt/avr-gcc/avr/lib/gcc/avr/14.2.0/avr5/libgcc.a(f7_c_le.o)
__f7_cmp_mant_asm                                 /opt/avr-gcc/avr/lib/gcc/avr/14.2.0/avr5/libgcc.a(f7_asm_cmp_mant.o)
                                                  /opt/avr-gcc/avr/lib/gcc/avr/14.2.0/avr5/libgcc.a(f7_c_cmp_unordered.o)
                                                  /opt/avr-gcc/avr/lib/gcc/avr/14.2.0/avr5/libgcc.a(f7_c_truncx.o)
                                                  /opt/avr-gcc/avr/lib/gcc/avr/14.2.0/avr5/libgcc.a(f7_c_addsub.o)
__f7_cmp_unordered                                /opt/avr-gcc/avr/lib/gcc/avr/14.2.0/avr5/libgcc.a(f7_c_cmp_unordered.o)
                                                  /opt/avr-gcc/avr/lib/gcc/avr/14.2.0/avr5/libgcc.a(f7_c_cmp.o)
__f7_copy_asm                                     /opt/avr-gcc/avr/lib/gcc/avr/14.2.0/avr5/libgcc.a(f7_asm_copy.o)
                                                  /opt/avr-gcc/avr/lib/gcc/avr/14.2.0/avr5/libgcc.a(f7_c_truncx.o)
                                                  /opt/avr-gcc/avr/lib/gcc/avr/14.2.0/avr5/libgcc.a(f7_c_divx.o)
                                                  /opt/avr-gcc/avr/lib/gcc/avr/14.2.0/avr5/libgcc.a(f7_c_addsub.o)
__f7_copy_mant_asm                                /opt/avr-gcc/avr/lib/gcc/avr/14.2.0/avr5/libgcc.a(f7_asm_copy_mant.o)
                                                  /opt/avr-gcc/avr/lib/gcc/avr/14.2.0/avr5/libgcc.a(f7_c_divx.o)
__f7_div                                          /opt/avr-gcc/avr/lib/gcc/avr/14.2.0/avr5/libgcc.a(f7_c_div.o)
                                                  /opt/avr-gcc/avr/lib/gcc/avr/14.2.0/avr5/libgcc.a(f7_asm_D_div.o)
__f7_div_asm                                      /opt/avr-gcc/avr/lib/gcc/avr/14.2.0/avr5/libgcc.a(f7_asm_div.o)
                                                  /opt/avr-gcc/avr/lib/gcc/avr/14.2.0/avr5/libgcc.a(f7_c_divx.o)
__f7_divx                                         /opt/avr-gcc/avr/lib/gcc/avr/14.2.0/avr5/libgcc.a(f7_c_divx.o)
                                                  /opt/avr-gcc/avr/lib/gcc/avr/14.2.0/avr5/libgcc.a(f7_c_div.o)
__f7_extendsfdf2                                  /opt/avr-gcc/avr/lib/gcc/avr/14.2.0/avr5/libgcc.a(f7_c_set_float.o)
                                                  /opt/avr-gcc/avr/lib/gcc/avr/14.2.0/avr5/libgcc.a(f7_asm_D_extendsfdf2.o)
__f7_fixunsdfsi                                   /opt/avr-gcc/avr/lib/gcc/avr/14.2.0/avr5/libgcc.a(f7_c_get_u32.o)
                                                  /opt/avr-gcc/avr/lib/gcc/avr/14.2.0/avr5/libgcc.a(f7_asm_D_fixunsdfsi.o)
__f7_floatsidf                                    /opt/avr-gcc/avr/lib/gcc/avr/14.2.0/avr5/libgcc.a(f7_c_set_s32.o)
                                                  /opt/avr-gcc/avr/lib/gcc/avr/14.2.0/avr5/libgcc.a(f7_asm_D_floatsidf.o)
__f7_floatunsidf                                  /opt/avr-gcc/avr/lib/gcc/avr/14.2.0/avr5/libgcc.a(f7_c_set_u32.o)
                                                  /opt/avr-gcc/avr/lib/gcc/avr/14.2.0/avr5/libgcc.a(f7_asm_D_floatunsidf.o)
__f7_floor                                        /opt/avr-gcc/avr/lib/gcc/avr/14.2.0/avr5/libgcc.a(f7_c_floor.o)
                                                  /opt/avr-gcc/avr/lib/gcc/avr/14.2.0/avr5/libgcc.a(f7_asm_D_floor.o)
__f7_get_double                                   /opt/avr-gcc/avr/lib/gcc/avr/14.2.0/avr5/libgcc.a(f7_c_get_double.o)
                                                  /opt/avr-gcc/avr/lib/gcc/avr/14.2.0/avr5/libgcc.a(f7_asm_call_ddd.o)
                                                  /opt/avr-gcc/avr/lib/gcc/avr/14.2.0/avr5/libgcc.a(f7_asm_call_dd.o)
__f7_get_u32                                      /opt/avr-gcc/avr/lib/gcc/avr/14.2.0/avr5/libgcc.a(f7_c_get_u32.o)
__f7_le_impl                                      /opt/avr-gcc/avr/lib/gcc/avr/14.2.0/avr5/libgcc.a(f7_c_le.o)
                                                  /opt/avr-gcc/avr/lib/gcc/avr/14.2.0/avr5/libgcc.a(f7_asm_D_le.o)
__f7_load_mant.clr_CA_asm                         /opt/avr-gcc/avr/lib/gcc/avr/14.2.0/avr5/libgcc.a(f7_asm_load.o)
                                                  /opt/avr-gcc/avr/lib/gcc/avr/14.2.0/avr5/libgcc.a(f7_asm_addsub_mant_scaled.o)
                                                  /opt/avr-gcc/avr/lib/gcc/avr/14.2.0/avr5/libgcc.a(f7_asm_normalize.o)
__f7_load_mant.clr_flags_asm                      /opt/avr-gcc/avr/lib/gcc/avr/14.2.0/avr5/libgcc.a(f7_asm_load.o)
__f7_load_mant.with_flags_asm                     /opt/avr-gcc/avr/lib/gcc/avr/14.2.0/avr5/libgcc.a(f7_asm_load.o)
                                                  /opt/avr-gcc/avr/lib/gcc/avr/14.2.0/avr5/libgcc.a(f7_asm_to_unsigned.o)
__f7_load_mant_asm                                /opt/avr-gcc/avr/lib/gcc/avr/14.2.0/avr5/libgcc.a(f7_asm_load.o)
                                                  /opt/avr-gcc/avr/lib/gcc/avr/14.2.0/avr5/libgcc.a(f7_asm_div.o)
                                                  /opt/avr-gcc/avr/lib/gcc/avr/14.2.0/avr5/libgcc.a(f7_asm_clr_mant_lsbs.o)
__f7_lshrdi3_asm                                  /opt/avr-gcc/avr/lib/gcc/avr/14.2.0/avr5/libgcc.a(f7_asm_addsub_mant_scaled.o)
                                                  /opt/avr-gcc/avr/lib/gcc/avr/14.2.0/avr5/libgcc.a(f7_asm_clr_mant_lsbs.o)
                                                  /opt/avr-gcc/avr/lib/gcc/avr/14.2.0/avr5/libgcc.a(f7_c_get_double.o)
                                                  /opt/avr-gcc/avr/lib/gcc/avr/14.2.0/avr5/libgcc.a(f7_asm_to_unsigned.o)
__f7_mul                                          /opt/avr-gcc/avr/lib/gcc/avr/14.2.0/avr5/libgcc.a(f7_c_mul.o)
                                                  /opt/avr-gcc/avr/lib/gcc/avr/14.2.0/avr5/libgcc.a(f7_asm_D_mul.o)
__f7_mul_mant_asm                                 /opt/avr-gcc/avr/lib/gcc/avr/14.2.0/avr5/libgcc.a(f7_asm_mul_mant.o)
                                                  /opt/avr-gcc/avr/lib/gcc/avr/14.2.0/avr5/libgcc.a(f7_c_mulx.o)
__f7_mulx                                         /opt/avr-gcc/avr/lib/gcc/avr/14.2.0/avr5/libgcc.a(f7_c_mulx.o)
                                                  /opt/avr-gcc/avr/lib/gcc/avr/14.2.0/avr5/libgcc.a(f7_c_mul.o)
__f7_normalize.maybe_round.store_with_flags_asm   /opt/avr-gcc/avr/lib/gcc/avr/14.2.0/avr5/libgcc.a(f7_asm_normalize_with_carry.o)
                                                  /opt/avr-gcc/avr/lib/gcc/avr/14.2.0/avr5/libgcc.a(f7_asm_mul_mant.o)
__f7_normalize.round.store_with_flags_asm         /opt/avr-gcc/avr/lib/gcc/avr/14.2.0/avr5/libgcc.a(f7_asm_normalize_with_carry.o)
                                                  /opt/avr-gcc/avr/lib/gcc/avr/14.2.0/avr5/libgcc.a(f7_asm_div.o)
                                                  /opt/avr-gcc/avr/lib/gcc/avr/14.2.0/avr5/libgcc.a(f7_asm_addsub_mant_scaled.o)
__f7_normalize.store_with_flags_asm               /opt/avr-gcc/avr/lib/gcc/avr/14.2.0/avr5/libgcc.a(f7_asm_normalize_with_carry.o)
                                                  /opt/avr-gcc/avr/lib/gcc/avr/14.2.0/avr5/libgcc.a(f7_asm_normalize.o)
__f7_normalize_asm                                /opt/avr-gcc/avr/lib/gcc/avr/14.2.0/avr5/libgcc.a(f7_asm_normalize.o)
                                                  /opt/avr-gcc/avr/lib/gcc/avr/14.2.0/avr5/libgcc.a(f7_c_set_double.o)
                                                  /opt/avr-gcc/avr/lib/gcc/avr/14.2.0/avr5/libgcc.a(f7_c_set_float.o)
                                                  /opt/avr-gcc/avr/lib/gcc/avr/14.2.0/avr5/libgcc.a(f7_c_set_u32.o)
__f7_normalize_with_carry_asm                     /opt/avr-gcc/avr/lib/gcc/avr/14.2.0/avr5/libgcc.a(f7_asm_normalize_with_carry.o)
__f7_set_double_impl                              /opt/avr-gcc/avr/lib/gcc/avr/14.2.0/avr5/libgcc.a(f7_c_set_double.o)
                                                  /opt/avr-gcc/avr/lib/gcc/avr/14.2.0/avr5/libgcc.a(f7_asm_call_ddd.o)
                                                  /opt/avr-gcc/avr/lib/gcc/avr/14.2.0/avr5/libgcc.a(f7_asm_call_dd.o)
__f7_set_float                                    /opt/avr-gcc/avr/lib/gcc/avr/14.2.0/avr5/libgcc.a(f7_c_set_float.o)
__f7_set_s32                                      /opt/avr-gcc/avr/lib/gcc/avr/14.2.0/avr5/libgcc.a(f7_c_set_s32.o)
__f7_set_u32                                      /opt/avr-gcc/avr/lib/gcc/avr/14.2.0/avr5/libgcc.a(f7_c_set_u32.o)
                                                  /opt/avr-gcc/avr/lib/gcc/avr/14.2.0/avr5/libgcc.a(f7_c_set_s32.o)